 Fermi distribution function

Calculation with static geometry


********************************************************************************
 iSCC Total electronic   Diff electronic      SCC error    
    1   -0.27538717E+01    0.00000000E+00    0.11124435E-11
********************************************************************************

 Total charge:    -0.00000000

 Atomic gross charges (e)
 Atom           Charge
    1      -0.00000000
    2      -0.00000000

Nr. of electrons (up):      8.00000000
Atom populations (up)
 Atom       Population
    1       4.00000000
    2       4.00000000

l-shell populations (up)
 Atom Sh.   l       Population
    1   1   0       1.36329510
    1   2   1       2.48140760
    1   3   2       0.15529729
    2   1   0       1.36329510
    2   2   1       2.48140760
    2   3   2       0.15529729

Orbital populations (up)
 Atom Sh.   l   m       Population  Label
    1   1   0   0       1.36329510  s
    1   2   1  -1       0.82713596  p_y
    1   2   1   0       0.82713570  p_z
    1   2   1   1       0.82713594  p_x
    1   3   2  -2       0.02563036  d_xy
    1   3   2  -1       0.02563036  d_yz
    1   3   2   0       0.03411334  d_z2
    1   3   2   1       0.03241671  d_xz
    1   3   2   2       0.03750653  d_x2-y2
    2   1   0   0       1.36329510  s
    2   2   1  -1       0.82713596  p_y
    2   2   1   0       0.82713570  p_z
    2   2   1   1       0.82713594  p_x
    2   3   2  -2       0.02563036  d_xy
    2   3   2  -1       0.02563036  d_yz
    2   3   2   0       0.03411334  d_z2
    2   3   2   1       0.03241671  d_xz
    2   3   2   2       0.03750653  d_x2-y2

Fermi level:                        -0.1138126397 H           -3.0970 eV
Band energy:                        -2.7538716606 H          -74.9367 eV
TS:                                  0.0000000000 H            0.0000 eV
Band free energy (E-TS):            -2.7538716606 H          -74.9367 eV
Extrapolated E(0K):                 -2.7538716606 H          -74.9367 eV
Input / Output electrons (q):      8.0000000000      8.0000000000

Energy H0:                          -2.7538716606 H          -74.9367 eV
Energy SCC:                         -0.0000000000 H           -0.0000 eV
Total Electronic energy:            -2.7538716606 H          -74.9367 eV
Repulsive energy:                    0.0000000000 H            0.0000 eV
Total energy:                       -2.7538716606 H          -74.9367 eV
Extrapolated to 0:                  -2.7538716606 H          -74.9367 eV
Total Mermin free energy:           -2.7538716606 H          -74.9367 eV
Force related energy:               -2.7538716606 H          -74.9367 eV

Non-constrained calculation

SCC converged

Warning: dipole moment is not defined absolutely!
Dipole moment:   -0.00000000   -0.00000000   -0.00000000 au
Dipole moment:   -0.00000000   -0.00000000   -0.00000000 Debye


