 KPT            1  SPIN            1  KWEIGHT    6.0975609756097563E-003
     1   -16.252  2.00000
     2    -4.261  2.00000
     3    -4.261  2.00000
     4    -4.261  2.00000
     5    -1.525  0.00000
     6    -1.525  0.00000
     7    -1.525  0.00000
     8    -0.624  0.00000
     9     4.629  0.00000
    10     4.629  0.00000
    11    18.519  0.00000
    12    18.519  0.00000
    13    18.519  0.00000
    14    70.729  0.00000
    15    70.729  0.00000
    16   104.769  0.00000
    17   104.769  0.00000
    18   104.769  0.00000

 KPT            2  SPIN            1  KWEIGHT    6.0975609756097563E-003
     1   -16.247  2.00000
     2    -4.343  2.00000
     3    -4.296  2.00000
     4    -4.296  2.00000
     5    -1.540  0.00000
     6    -1.478  0.00000
     7    -1.478  0.00000
     8    -0.521  0.00000
     9     4.576  0.00000
    10     4.638  0.00000
    11    18.511  0.00000
    12    18.511  0.00000
    13    18.624  0.00000
    14    70.113  0.00000
    15    70.523  0.00000
    16   104.231  0.00000
    17   104.627  0.00000
    18   104.627  0.00000

 KPT            3  SPIN            1  KWEIGHT    6.0975609756097563E-003
     1   -16.232  2.00000
     2    -4.565  2.00000
     3    -4.393  2.00000
     4    -4.393  2.00000
     5    -1.581  0.00000
     6    -1.341  0.00000
     7    -1.341  0.00000
     8    -0.238  0.00000
     9     4.427  0.00000
    10     4.664  0.00000
    11    18.490  0.00000
    12    18.490  0.00000
    13    18.934  0.00000
    14    68.322  0.00000
    15    69.889  0.00000
    16   102.757  0.00000
    17   104.203  0.00000
    18   104.204  0.00000

 KPT            4  SPIN            1  KWEIGHT    6.0975609756097563E-003
     1   -16.206  2.00000
     2    -4.879  2.00000
     3    -4.537  2.00000
     4    -4.537  2.00000
     5    -1.648  0.00000
     6    -1.131  0.00000
     7    -1.131  0.00000
     8     0.169  0.00000
     9     4.207  0.00000
    10     4.707  0.00000
    11    18.452  0.00000
    12    18.452  0.00000
    13    19.434  0.00000
    14    65.517  0.00000
    15    68.795  0.00000
    16   100.699  0.00000
    17   103.503  0.00000
    18   103.503  0.00000

 KPT            5  SPIN            1  KWEIGHT    6.0975609756097563E-003
     1   -16.169  2.00000
     2    -5.244  2.00000
     3    -4.711  2.00000
     4    -4.711  2.00000
     5    -1.738  0.00000
     6    -0.865  0.00000
     7    -0.865  0.00000
     8     0.636  0.00000
     9     3.958  0.00000
    10     4.769  0.00000
    11    18.397  0.00000
    12    18.397  0.00000
    13    20.102  0.00000
    14    61.930  0.00000
    15    67.223  0.00000
    16    98.470  0.00000
    17   102.536  0.00000
    18   102.536  0.00000

 KPT            6  SPIN            1  KWEIGHT    6.0975609756097563E-003
     1   -16.118  2.00000
     2    -5.635  2.00000
     3    -4.901  2.00000
     4    -4.901  2.00000
     5    -1.845  0.00000
     6    -0.557  0.00000
     7    -0.557  0.00000
     8     1.083  0.00000
     9     3.760  0.00000
    10     4.848  0.00000
    11    18.322  0.00000
    12    18.322  0.00000
    13    20.917  0.00000
    14    57.820  0.00000
    15    65.208  0.00000
    16    96.386  0.00000
    17   101.317  0.00000
    18   101.317  0.00000

 KPT            7  SPIN            1  KWEIGHT    6.0975609756097563E-003
     1   -16.052  2.00000
     2    -6.036  2.00000
     3    -5.097  2.00000
     4    -5.097  2.00000
     5    -1.965  0.00000
     6    -0.216  0.00000
     7    -0.216  0.00000
     8     1.379  0.00000
     9     3.751  0.00000
    10     4.947  0.00000
    11    18.224  0.00000
    12    18.224  0.00000
    13    21.862  0.00000
    14    53.434  0.00000
    15    62.854  0.00000
    16    94.590  0.00000
    17    99.871  0.00000
    18    99.871  0.00000

 KPT            8  SPIN            1  KWEIGHT    6.0975609756097563E-003
     1   -15.971  2.00000
     2    -6.441  2.00000
     3    -5.294  2.00000
     4    -5.294  2.00000
     5    -2.095  0.00000
     6     0.151  0.00000
     7     0.151  0.00000
     8     1.398  0.00000
     9     4.066  0.00000
    10     5.065  0.00000
    11    18.098  0.00000
    12    18.098  0.00000
    13    22.920  0.00000
    14    48.985  0.00000
    15    60.300  0.00000
    16    93.070  0.00000
    17    98.227  0.00000
    18    98.228  0.00000

 KPT            9  SPIN            1  KWEIGHT    6.0975609756097563E-003
     1   -15.872  2.00000
     2    -6.843  2.00000
     3    -5.486  2.00000
     4    -5.486  2.00000
     5    -2.229  0.00000
     6     0.541  0.00000
     7     0.541  0.00000
     8     1.180  0.00000
     9     4.674  0.00000
    10     5.203  0.00000
    11    17.939  0.00000
    12    17.939  0.00000
    13    24.084  0.00000
    14    44.637  0.00000
    15    57.679  0.00000
    16    91.727  0.00000
    17    96.427  0.00000
    18    96.427  0.00000

 KPT           10  SPIN            1  KWEIGHT    6.0975609756097563E-003
     1   -15.756  2.00000
     2    -7.242  2.00000
     3    -5.671  2.00000
     4    -5.671  2.00000
     5    -2.363  0.00000
     6     0.846  0.00000
     7     0.950  0.00000
     8     0.950  0.00000
     9     5.362  0.00000
    10     5.465  0.00000
    11    17.739  0.00000
    12    17.739  0.00000
    13    25.347  0.00000
    14    40.503  0.00000
    15    55.086  0.00000
    16    90.439  0.00000
    17    94.518  0.00000
    18    94.518  0.00000

 KPT           11  SPIN            1  KWEIGHT    6.0975609756097563E-003
     1   -15.622  2.00000
     2    -7.637  2.00000
     3    -5.847  2.00000
     4    -5.847  2.00000
     5    -2.494  0.00000
     6     0.468  0.00000
     7     1.379  0.00000
     8     1.379  0.00000
     9     5.545  0.00000
    10     6.375  0.00000
    11    17.491  0.00000
    12    17.491  0.00000
    13    26.706  0.00000
    14    36.654  0.00000
    15    52.571  0.00000
    16    89.093  0.00000
    17    92.553  0.00000
    18    92.553  0.00000

 KPT           12  SPIN            1  KWEIGHT    6.0975609756097563E-003
     1   -15.469  2.00000
     2    -8.026  2.00000
     3    -6.013  2.00000
     4    -6.013  2.00000
     5    -2.618  0.00000
     6     0.081  0.00000
     7     1.825  0.00000
     8     1.825  0.00000
     9     5.751  0.00000
    10     7.376  0.00000
    11    17.189  0.00000
    12    17.189  0.00000
    13    28.164  0.00000
    14    33.126  0.00000
    15    50.155  0.00000
    16    87.605  0.00000
    17    90.587  0.00000
    18    90.587  0.00000

 KPT           13  SPIN            1  KWEIGHT    6.0975609756097563E-003
     1   -15.297  2.00000
     2    -8.411  2.00000
     3    -6.166  2.00000
     4    -6.166  2.00000
     5    -2.733  0.00000
     6    -0.300  0.00000
     7     2.290  0.00000
     8     2.290  0.00000
     9     5.983  0.00000
    10     8.457  0.00000
    11    16.823  0.00000
    12    16.823  0.00000
    13    29.724  0.00000
    14    29.929  0.00000
    15    47.833  0.00000
    16    85.914  0.00000
    17    88.677  0.00000
    18    88.677  0.00000

 KPT           14  SPIN            1  KWEIGHT    6.0975609756097563E-003
     1   -15.108  2.00000
     2    -8.791  2.00000
     3    -6.307  2.00000
     4    -6.307  2.00000
     5    -2.836  0.00000
     6    -0.664  0.00000
     7     2.774  0.00000
     8     2.774  0.00000
     9     6.244  0.00000
    10     9.614  0.00000
    11    16.389  0.00000
    12    16.389  0.00000
    13    27.057  0.00000
    14    31.390  0.00000
    15    45.593  0.00000
    16    83.984  0.00000
    17    86.874  0.00000
    18    86.874  0.00000

 KPT           15  SPIN            1  KWEIGHT    6.0975609756097563E-003
     1   -14.900  2.00000
     2    -9.167  2.00000
     3    -6.436  2.00000
     4    -6.436  2.00000
     5    -2.926  0.00000
     6    -1.007  0.00000
     7     3.279  0.00000
     8     3.279  0.00000
     9     6.535  0.00000
    10    10.843  0.00000
    11    15.883  0.00000
    12    15.883  0.00000
    13    24.492  0.00000
    14    33.170  0.00000
    15    43.416  0.00000
    16    81.803  0.00000
    17    85.221  0.00000
    18    85.221  0.00000

 KPT           16  SPIN            1  KWEIGHT    6.0975609756097563E-003
     1   -14.675  2.00000
     2    -9.539  2.00000
     3    -6.551  2.00000
     4    -6.551  2.00000
     5    -3.001  0.00000
     6    -1.325  0.00000
     7     3.808  0.00000
     8     3.808  0.00000
     9     6.859  0.00000
    10    12.146  0.00000
    11    15.305  0.00000
    12    15.305  0.00000
    13    22.211  0.00000
    14    35.070  0.00000
    15    41.285  0.00000
    16    79.376  0.00000
    17    83.751  0.00000
    18    83.751  0.00000

 KPT           17  SPIN            1  KWEIGHT    6.0975609756097563E-003
     1   -14.434  2.00000
     2    -9.908  2.00000
     3    -6.653  2.00000
     4    -6.653  2.00000
     5    -3.059  0.00000
     6    -1.618  0.00000
     7     4.362  0.00000
     8     4.362  0.00000
     9     7.220  0.00000
    10    13.522  0.00000
    11    14.658  0.00000
    12    14.658  0.00000
    13    20.189  0.00000
    14    37.099  0.00000
    15    39.186  0.00000
    16    76.724  0.00000
    17    82.485  0.00000
    18    82.485  0.00000

 KPT           18  SPIN            1  KWEIGHT    6.0975609756097563E-003
     1   -14.177  2.00000
     2   -10.273  2.00000
     3    -6.741  2.00000
     4    -6.741  2.00000
     5    -3.100  0.00000
     6    -1.883  0.00000
     7     4.945  0.00000
     8     4.945  0.00000
     9     7.621  0.00000
    10    13.950  0.00000
    11    13.950  0.00000
    12    14.972  0.00000
    13    18.397  0.00000
    14    37.110  0.00000
    15    39.264  0.00000
    16    73.878  0.00000
    17    81.429  0.00000
    18    81.429  0.00000

 KPT           19  SPIN            1  KWEIGHT    6.0975609756097563E-003
     1   -13.905  2.00000
     2   -10.634  2.00000
     3    -6.816  2.00000
     4    -6.816  2.00000
     5    -3.122  0.00000
     6    -2.122  0.00000
     7     5.558  0.00000
     8     5.558  0.00000
     9     8.069  0.00000
    10    13.192  0.00000
    11    13.192  0.00000
    12    16.495  0.00000
    13    16.812  0.00000
    14    35.053  0.00000
    15    41.569  0.00000
    16    70.880  0.00000
    17    80.581  0.00000
    18    80.581  0.00000

 KPT           20  SPIN            1  KWEIGHT    6.0975609756097563E-003
     1   -13.620  2.00000
     2   -10.991  2.00000
     3    -6.877  2.00000
     4    -6.877  2.00000
     5    -3.124  0.00000
     6    -2.333  0.00000
     7     6.204  0.00000
     8     6.204  0.00000
     9     8.567  0.00000
    10    12.397  0.00000
    11    12.397  0.00000
    12    15.409  0.00000
    13    18.090  0.00000
    14    33.014  0.00000
    15    44.019  0.00000
    16    67.775  0.00000
    17    79.926  0.00000
    18    79.926  0.00000

 KPT           21  SPIN            1  KWEIGHT    6.0975609756097563E-003
     1   -13.322  2.00000
     2   -11.343  2.00000
     3    -6.924  2.00000
     4    -6.924  2.00000
     5    -3.106  0.00000
     6    -2.518  0.00000
     7     6.885  0.00000
     8     6.885  0.00000
     9     9.122  0.00000
    10    11.580  0.00000
    11    11.580  0.00000
    12    14.165  0.00000
    13    19.756  0.00000
    14    30.997  0.00000
    15    46.615  0.00000
    16    64.612  0.00000
    17    79.447  0.00000
    18    79.447  0.00000

 KPT           22  SPIN            1  KWEIGHT    6.0975609756097563E-003
     1   -13.014  2.00000
     2   -11.691  2.00000
     3    -6.958  2.00000
     4    -6.958  2.00000
     5    -3.066  0.00000
     6    -2.677  0.00000
     7     7.601  0.00000
     8     7.601  0.00000
     9     9.742  0.00000
    10    10.755  0.00000
    11    10.755  0.00000
    12    13.062  0.00000
    13    21.491  0.00000
    14    29.008  0.00000
    15    49.351  0.00000
    16    61.435  0.00000
    17    79.123  0.00000
    18    79.123  0.00000

 KPT           23  SPIN            1  KWEIGHT    6.0975609756097563E-003
     1   -12.695  2.00000
     2   -12.032  2.00000
     3    -6.978  2.00000
     4    -6.978  2.00000
     5    -3.004  0.00000
     6    -2.810  0.00000
     7     8.350  0.00000
     8     8.350  0.00000
     9     9.936  0.00000
    10     9.936  0.00000
    11    10.435  0.00000
    12    12.083  0.00000
    13    23.289  0.00000
    14    27.055  0.00000
    15    52.221  0.00000
    16    58.288  0.00000
    17    78.936  0.00000
    18    78.936  0.00000

 KPT           24  SPIN            1  KWEIGHT    6.0975609756097563E-003
     1   -12.368  2.00000
     2   -12.368  2.00000
     3    -6.985  2.00000
     4    -6.985  2.00000
     5    -2.919  0.00000
     6    -2.919  0.00000
     7     9.084  0.00000
     8     9.084  0.00000
     9     9.177  0.00000
    10     9.177  0.00000
    11    11.212  0.00000
    12    11.212  0.00000
    13    25.146  0.00000
    14    25.146  0.00000
    15    55.207  0.00000
    16    55.207  0.00000
    17    78.876  0.00000
    18    78.876  0.00000

 KPT           25  SPIN            1  KWEIGHT    6.0975609756097563E-003
     1   -12.368  2.00000
     2   -12.368  2.00000
     3    -6.985  2.00000
     4    -6.985  2.00000
     5    -2.919  0.00000
     6    -2.919  0.00000
     7     9.084  0.00000
     8     9.084  0.00000
     9     9.177  0.00000
    10     9.177  0.00000
    11    11.212  0.00000
    12    11.212  0.00000
    13    25.146  0.00000
    14    25.146  0.00000
    15    55.207  0.00000
    16    55.207  0.00000
    17    78.876  0.00000
    18    78.876  0.00000

 KPT           26  SPIN            1  KWEIGHT    6.0975609756097563E-003
     1   -12.366  2.00000
     2   -12.366  2.00000
     3    -6.999  2.00000
     4    -6.999  2.00000
     5    -2.883  0.00000
     6    -2.883  0.00000
     7     8.825  0.00000
     8     8.825  0.00000
     9     9.125  0.00000
    10     9.125  0.00000
    11    11.513  0.00000
    12    11.513  0.00000
    13    25.236  0.00000
    14    25.236  0.00000
    15    55.009  0.00000
    16    55.009  0.00000
    17    78.747  0.00000
    18    78.747  0.00000

 KPT           27  SPIN            1  KWEIGHT    6.0975609756097563E-003
     1   -12.363  2.00000
     2   -12.363  2.00000
     3    -7.038  2.00000
     4    -7.038  2.00000
     5    -2.778  0.00000
     6    -2.778  0.00000
     7     8.172  0.00000
     8     8.172  0.00000
     9     9.118  0.00000
    10     9.118  0.00000
    11    12.143  0.00000
    12    12.143  0.00000
    13    25.507  0.00000
    14    25.507  0.00000
    15    54.424  0.00000
    16    54.425  0.00000
    17    78.370  0.00000
    18    78.370  0.00000

 KPT           28  SPIN            1  KWEIGHT    6.0975609756097563E-003
     1   -12.357  2.00000
     2   -12.357  2.00000
     3    -7.098  2.00000
     4    -7.098  2.00000
     5    -2.607  0.00000
     6    -2.607  0.00000
     7     7.414  0.00000
     8     7.414  0.00000
     9     9.112  0.00000
    10     9.112  0.00000
    11    12.850  0.00000
    12    12.850  0.00000
    13    25.959  0.00000
    14    25.959  0.00000
    15    53.484  0.00000
    16    53.484  0.00000
    17    77.767  0.00000
    18    77.767  0.00000

 KPT           29  SPIN            1  KWEIGHT    6.0975609756097563E-003
     1   -12.349  2.00000
     2   -12.349  2.00000
     3    -7.173  2.00000
     4    -7.173  2.00000
     5    -2.377  0.00000
     6    -2.377  0.00000
     7     6.632  0.00000
     8     6.632  0.00000
     9     9.106  0.00000
    10     9.106  0.00000
    11    13.552  0.00000
    12    13.552  0.00000
    13    26.592  0.00000
    14    26.592  0.00000
    15    52.232  0.00000
    16    52.232  0.00000
    17    76.977  0.00000
    18    76.977  0.00000

 KPT           30  SPIN            1  KWEIGHT    6.0975609756097563E-003
     1   -12.340  2.00000
     2   -12.340  2.00000
     3    -7.256  2.00000
     4    -7.256  2.00000
     5    -2.093  0.00000
     6    -2.093  0.00000
     7     5.854  0.00000
     8     5.854  0.00000
     9     9.099  0.00000
    10     9.099  0.00000
    11    14.214  0.00000
    12    14.214  0.00000
    13    27.403  0.00000
    14    27.403  0.00000
    15    50.724  0.00000
    16    50.724  0.00000
    17    76.050  0.00000
    18    76.051  0.00000

 KPT           31  SPIN            1  KWEIGHT    6.0975609756097563E-003
     1   -12.330  2.00000
     2   -12.330  2.00000
     3    -7.339  2.00000
     4    -7.339  2.00000
     5    -1.762  0.00000
     6    -1.762  0.00000
     7     5.092  0.00000
     8     5.092  0.00000
     9     9.091  0.00000
    10     9.091  0.00000
    11    14.817  0.00000
    12    14.817  0.00000
    13    28.389  0.00000
    14    28.389  0.00000
    15    49.018  0.00000
    16    49.018  0.00000
    17    75.050  0.00000
    18    75.050  0.00000

 KPT           32  SPIN            1  KWEIGHT    6.0975609756097563E-003
     1   -12.320  2.00000
     2   -12.320  2.00000
     3    -7.418  2.00000
     4    -7.418  2.00000
     5    -1.388  0.00000
     6    -1.388  0.00000
     7     4.352  0.00000
     8     4.352  0.00000
     9     9.084  0.00000
    10     9.084  0.00000
    11    15.348  0.00000
    12    15.348  0.00000
    13    29.541  0.00000
    14    29.541  0.00000
    15    47.174  0.00000
    16    47.174  0.00000
    17    74.043  0.00000
    18    74.043  0.00000

 KPT           33  SPIN            1  KWEIGHT    6.0975609756097563E-003
     1   -12.311  2.00000
     2   -12.311  2.00000
     3    -7.489  2.00000
     4    -7.489  2.00000
     5    -0.974  0.00000
     6    -0.974  0.00000
     7     3.641  0.00000
     8     3.641  0.00000
     9     9.077  0.00000
    10     9.077  0.00000
    11    15.798  0.00000
    12    15.798  0.00000
    13    30.848  0.00000
    14    30.848  0.00000
    15    45.244  0.00000
    16    45.244  0.00000
    17    73.099  0.00000
    18    73.099  0.00000

 KPT           34  SPIN            1  KWEIGHT    6.0975609756097563E-003
     1   -12.302  2.00000
     2   -12.302  2.00000
     3    -7.547  2.00000
     4    -7.547  2.00000
     5    -0.525  0.00000
     6    -0.525  0.00000
     7     2.960  0.00000
     8     2.960  0.00000
     9     9.072  0.00000
    10     9.072  0.00000
    11    16.159  0.00000
    12    16.159  0.00000
    13    32.294  0.00000
    14    32.294  0.00000
    15    43.280  0.00000
    16    43.280  0.00000
    17    72.284  0.00000
    18    72.284  0.00000

 KPT           35  SPIN            1  KWEIGHT    6.0975609756097563E-003
     1   -12.296  2.00000
     2   -12.296  2.00000
     3    -7.590  2.00000
     4    -7.590  2.00000
     5    -0.045  0.00000
     6    -0.045  0.00000
     7     2.315  0.00000
     8     2.315  0.00000
     9     9.067  0.00000
    10     9.067  0.00000
    11    16.422  0.00000
    12    16.422  0.00000
    13    33.860  0.00000
    14    33.860  0.00000
    15    41.326  0.00000
    16    41.326  0.00000
    17    71.656  0.00000
    18    71.656  0.00000

 KPT           36  SPIN            1  KWEIGHT    6.0975609756097563E-003
     1   -12.292  2.00000
     2   -12.292  2.00000
     3    -7.617  2.00000
     4    -7.617  2.00000
     5     0.451  0.00000
     6     0.451  0.00000
     7     1.719  0.00000
     8     1.719  0.00000
     9     9.064  0.00000
    10     9.064  0.00000
    11    16.583  0.00000
    12    16.583  0.00000
    13    35.501  0.00000
    14    35.501  0.00000
    15    39.446  0.00000
    16    39.446  0.00000
    17    71.260  0.00000
    18    71.260  0.00000

 KPT           37  SPIN            1  KWEIGHT    6.0975609756097563E-003
     1   -12.291  2.00000
     2   -12.291  2.00000
     3    -7.626  2.00000
     4    -7.626  2.00000
     5     0.801  0.00000
     6     0.801  0.00000
     7     1.336  0.00000
     8     1.336  0.00000
     9     9.064  0.00000
    10     9.064  0.00000
    11    16.637  0.00000
    12    16.637  0.00000
    13    36.731  0.00000
    14    36.731  0.00000
    15    38.135  0.00000
    16    38.135  0.00000
    17    71.125  0.00000
    18    71.125  0.00000

 KPT           38  SPIN            1  KWEIGHT    6.0975609756097563E-003
     1   -12.291  2.00000
     2   -12.291  2.00000
     3    -7.626  2.00000
     4    -7.626  2.00000
     5     0.801  0.00000
     6     0.801  0.00000
     7     1.336  0.00000
     8     1.336  0.00000
     9     9.064  0.00000
    10     9.064  0.00000
    11    16.637  0.00000
    12    16.637  0.00000
    13    36.731  0.00000
    14    36.731  0.00000
    15    38.135  0.00000
    16    38.135  0.00000
    17    71.125  0.00000
    18    71.125  0.00000

 KPT           39  SPIN            1  KWEIGHT    6.0975609756097563E-003
     1   -12.417  2.00000
     2   -12.166  2.00000
     3    -7.696  2.00000
     4    -7.540  2.00000
     5     0.379  0.00000
     6     0.829  0.00000
     7     1.547  0.00000
     8     1.571  0.00000
     9     8.670  0.00000
    10     9.374  0.00000
    11    16.047  0.00000
    12    17.329  0.00000
    13    35.053  0.00000
    14    36.947  0.00000
    15    38.124  0.00000
    16    39.571  0.00000
    17    69.863  0.00000
    18    72.696  0.00000

 KPT           40  SPIN            1  KWEIGHT    6.0975609756097563E-003
     1   -12.529  2.00000
     2   -12.059  2.00000
     3    -7.759  2.00000
     4    -7.428  2.00000
     5    -0.177  0.00000
     6     0.784  0.00000
     7     1.857  0.00000
     8     2.014  0.00000
     9     8.243  0.00000
    10     9.519  0.00000
    11    15.676  0.00000
    12    18.038  0.00000
    13    33.199  0.00000
    14    36.462  0.00000
    15    38.423  0.00000
    16    41.497  0.00000
    17    68.725  0.00000
    18    74.692  0.00000

 KPT           41  SPIN            1  KWEIGHT    6.0975609756097563E-003
     1   -12.627  2.00000
     2   -11.970  2.00000
     3    -7.814  2.00000
     4    -7.297  2.00000
     5    -0.703  0.00000
     6     0.725  0.00000
     7     2.210  0.00000
     8     2.500  0.00000
     9     7.795  0.00000
    10     9.443  0.00000
    11    15.578  0.00000
    12    18.744  0.00000
    13    31.453  0.00000
    14    35.813  0.00000
    15    38.739  0.00000
    16    43.387  0.00000
    17    67.719  0.00000
    18    76.970  0.00000

 KPT           42  SPIN            1  KWEIGHT    6.0975609756097563E-003
     1   -12.709  2.00000
     2   -11.897  2.00000
     3    -7.861  2.00000
     4    -7.151  2.00000
     5    -1.181  0.00000
     6     0.668  0.00000
     7     2.586  0.00000
     8     3.017  0.00000
     9     7.337  0.00000
    10     9.146  0.00000
    11    15.751  0.00000
    12    19.423  0.00000
    13    29.853  0.00000
    14    35.103  0.00000
    15    39.030  0.00000
    16    45.145  0.00000
    17    66.851  0.00000
    18    79.359  0.00000

 KPT           43  SPIN            1  KWEIGHT    6.0975609756097563E-003
     1   -12.777  2.00000
     2   -11.841  2.00000
     3    -7.900  2.00000
     4    -6.999  2.00000
     5    -1.601  0.00000
     6     0.618  0.00000
     7     2.976  0.00000
     8     3.560  0.00000
     9     6.878  0.00000
    10     8.679  0.00000
    11    16.130  0.00000
    12    20.051  0.00000
    13    28.417  0.00000
    14    34.401  0.00000
    15    39.280  0.00000
    16    46.703  0.00000
    17    66.129  0.00000
    18    81.674  0.00000

 KPT           44  SPIN            1  KWEIGHT    6.0975609756097563E-003
     1   -12.830  2.00000
     2   -11.799  2.00000
     3    -7.930  2.00000
     4    -6.856  2.00000
     5    -1.952  0.00000
     6     0.578  0.00000
     7     3.371  0.00000
     8     4.124  0.00000
     9     6.428  0.00000
    10     8.111  0.00000
    11    16.617  0.00000
    12    20.600  0.00000
    13    27.175  0.00000
    14    33.766  0.00000
    15    39.482  0.00000
    16    47.998  0.00000
    17    65.559  0.00000
    18    83.724  0.00000

 KPT           45  SPIN            1  KWEIGHT    6.0975609756097563E-003
     1   -12.868  2.00000
     2   -11.770  2.00000
     3    -7.952  2.00000
     4    -6.735  2.00000
     5    -2.219  0.00000
     6     0.549  0.00000
     7     3.754  0.00000
     8     4.698  0.00000
     9     6.004  0.00000
    10     7.504  0.00000
    11    17.108  0.00000
    12    21.033  0.00000
    13    26.178  0.00000
    14    33.256  0.00000
    15    39.630  0.00000
    16    48.973  0.00000
    17    65.147  0.00000
    18    85.336  0.00000

 KPT           46  SPIN            1  KWEIGHT    6.0975609756097563E-003
     1   -12.890  2.00000
     2   -11.753  2.00000
     3    -7.965  2.00000
     4    -6.652  2.00000
     5    -2.388  0.00000
     6     0.531  0.00000
     7     4.082  0.00000
     8     5.243  0.00000
     9     5.651  0.00000
    10     6.928  0.00000
    11    17.485  0.00000
    12    21.314  0.00000
    13    25.511  0.00000
    14    32.924  0.00000
    15    39.720  0.00000
    16    49.578  0.00000
    17    64.898  0.00000
    18    86.367  0.00000

 KPT           47  SPIN            1  KWEIGHT    6.0975609756097563E-003
     1   -12.898  2.00000
     2   -11.748  2.00000
     3    -7.970  2.00000
     4    -6.623  2.00000
     5    -2.446  0.00000
     6     0.525  0.00000
     7     4.232  0.00000
     8     5.493  0.00000
     9     5.550  0.00000
    10     6.609  0.00000
    11    17.628  0.00000
    12    21.411  0.00000
    13    25.272  0.00000
    14    32.808  0.00000
    15    39.750  0.00000
    16    49.784  0.00000
    17    64.814  0.00000
    18    86.721  0.00000

 KPT           48  SPIN            1  KWEIGHT    6.0975609756097563E-003
     1   -12.898  2.00000
     2   -11.748  2.00000
     3    -7.970  2.00000
     4    -6.623  2.00000
     5    -2.446  0.00000
     6     0.525  0.00000
     7     4.232  0.00000
     8     5.493  0.00000
     9     5.550  0.00000
    10     6.609  0.00000
    11    17.628  0.00000
    12    21.411  0.00000
    13    25.272  0.00000
    14    32.808  0.00000
    15    39.750  0.00000
    16    49.784  0.00000
    17    64.814  0.00000
    18    86.721  0.00000

 KPT           49  SPIN            1  KWEIGHT    6.0975609756097563E-003
     1   -13.048  2.00000
     2   -11.592  2.00000
     3    -8.030  2.00000
     4    -6.534  2.00000
     5    -2.333  0.00000
     6     1.243  0.00000
     7     3.735  0.00000
     8     4.952  0.00000
     9     5.161  0.00000
    10     6.156  0.00000
    11    18.748  0.00000
    12    23.228  0.00000
    13    24.743  0.00000
    14    34.323  0.00000
    15    37.034  0.00000
    16    48.701  0.00000
    17    63.961  0.00000
    18    88.749  0.00000

 KPT           50  SPIN            1  KWEIGHT    6.0975609756097563E-003
     1   -13.215  2.00000
     2   -11.419  2.00000
     3    -8.058  2.00000
     4    -6.435  2.00000
     5    -2.210  0.00000
     6     2.004  0.00000
     7     3.268  0.00000
     8     4.448  0.00000
     9     4.799  0.00000
    10     5.713  0.00000
    11    19.901  0.00000
    12    24.057  0.00000
    13    25.145  0.00000
    14    34.317  0.00000
    15    35.879  0.00000
    16    47.641  0.00000
    17    63.761  0.00000
    18    91.002  0.00000

 KPT           51  SPIN            1  KWEIGHT    6.0975609756097563E-003
     1   -13.397  2.00000
     2   -11.230  2.00000
     3    -8.053  2.00000
     4    -6.329  2.00000
     5    -2.080  0.00000
     6     2.763  0.00000
     7     2.830  0.00000
     8     4.031  0.00000
     9     4.465  0.00000
    10     5.290  0.00000
    11    21.068  0.00000
    12    23.261  0.00000
    13    27.149  0.00000
    14    31.638  0.00000
    15    37.438  0.00000
    16    46.665  0.00000
    17    64.191  0.00000
    18    93.460  0.00000

 KPT           52  SPIN            1  KWEIGHT    6.0975609756097563E-003
     1   -13.592  2.00000
     2   -11.026  2.00000
     3    -8.017  2.00000
     4    -6.214  2.00000
     5    -1.944  0.00000
     6     2.419  0.00000
     7     3.137  0.00000
     8     4.089  0.00000
     9     4.160  0.00000
    10     4.892  0.00000
    11    22.222  0.00000
    12    22.398  0.00000
    13    29.043  0.00000
    14    29.229  0.00000
    15    38.916  0.00000
    16    45.884  0.00000
    17    65.182  0.00000
    18    96.093  0.00000

 KPT           53  SPIN            1  KWEIGHT    6.0975609756097563E-003
     1   -13.796  2.00000
     2   -10.806  2.00000
     3    -7.951  2.00000
     4    -6.093  2.00000
     5    -1.806  0.00000
     6     2.032  0.00000
     7     2.859  0.00000
     8     3.886  0.00000
     9     4.526  0.00000
    10     4.890  0.00000
    11    21.492  0.00000
    12    23.332  0.00000
    13    26.588  0.00000
    14    31.369  0.00000
    15    40.115  0.00000
    16    45.525  0.00000
    17    66.650  0.00000
    18    98.856  0.00000

 KPT           54  SPIN            1  KWEIGHT    6.0975609756097563E-003
     1   -14.005  2.00000
     2   -10.572  2.00000
     3    -7.859  2.00000
     4    -5.966  2.00000
     5    -1.669  0.00000
     6     1.670  0.00000
     7     2.483  0.00000
     8     3.643  0.00000
     9     4.199  0.00000
    10     5.882  0.00000
    11    20.527  0.00000
    12    24.353  0.00000
    13    24.360  0.00000
    14    33.554  0.00000
    15    40.720  0.00000
    16    45.936  0.00000
    17    68.508  0.00000
    18   101.685  0.00000

 KPT           55  SPIN            1  KWEIGHT    6.0975609756097563E-003
     1   -14.216  2.00000
     2   -10.323  2.00000
     3    -7.742  2.00000
     4    -5.834  2.00000
     5    -1.536  0.00000
     6     1.330  0.00000
     7     2.113  0.00000
     8     3.432  0.00000
     9     3.913  0.00000
    10     6.958  0.00000
    11    19.407  0.00000
    12    22.471  0.00000
    13    25.268  0.00000
    14    35.771  0.00000
    15    40.715  0.00000
    16    47.167  0.00000
    17    70.675  0.00000
    18   104.503  0.00000

 KPT           56  SPIN            1  KWEIGHT    6.0975609756097563E-003
     1   -14.426  2.00000
     2   -10.061  2.00000
     3    -7.603  2.00000
     4    -5.699  2.00000
     5    -1.412  0.00000
     6     1.012  0.00000
     7     1.762  0.00000
     8     3.254  0.00000
     9     3.672  0.00000
    10     8.098  0.00000
    11    18.003  0.00000
    12    21.094  0.00000
    13    26.015  0.00000
    14    38.008  0.00000
    15    40.463  0.00000
    16    48.896  0.00000
    17    73.079  0.00000
    18   107.220  0.00000

 KPT           57  SPIN            1  KWEIGHT    6.0975609756097563E-003
     1   -14.632  2.00000
     2    -9.784  2.00000
     3    -7.443  2.00000
     4    -5.561  2.00000
     5    -1.302  0.00000
     6     0.714  0.00000
     7     1.434  0.00000
     8     3.111  0.00000
     9     3.480  0.00000
    10     9.289  0.00000
    11    16.366  0.00000
    12    20.179  0.00000
    13    26.570  0.00000
    14    40.239  0.00000
    15    40.255  0.00000
    16    50.896  0.00000
    17    75.654  0.00000
    18   109.737  0.00000

 KPT           58  SPIN            1  KWEIGHT    6.0975609756097563E-003
     1   -14.832  2.00000
     2    -9.494  2.00000
     3    -7.265  2.00000
     4    -5.423  2.00000
     5    -1.208  0.00000
     6     0.437  0.00000
     7     1.127  0.00000
     8     3.003  0.00000
     9     3.337  0.00000
    10    10.513  0.00000
    11    14.671  0.00000
    12    19.547  0.00000
    13    26.906  0.00000
    14    40.185  0.00000
    15    42.508  0.00000
    16    53.080  0.00000
    17    78.343  0.00000
    18   111.959  0.00000

 KPT           59  SPIN            1  KWEIGHT    6.0975609756097563E-003
     1   -15.023  2.00000
     2    -9.191  2.00000
     3    -7.071  2.00000
     4    -5.286  2.00000
     5    -1.136  0.00000
     6     0.180  0.00000
     7     0.841  0.00000
     8     2.933  0.00000
     9     3.242  0.00000
    10    11.743  0.00000
    11    13.024  0.00000
    12    19.087  0.00000
    13    27.011  0.00000
    14    40.394  0.00000
    15    44.764  0.00000
    16    55.427  0.00000
    17    81.091  0.00000
    18   113.800  0.00000

 KPT           60  SPIN            1  KWEIGHT    6.0975609756097563E-003
     1   -15.203  2.00000
     2    -8.874  2.00000
     3    -6.862  2.00000
     4    -5.153  2.00000
     5    -1.086  0.00000
     6    -0.059  0.00000
     7     0.574  0.00000
     8     2.901  0.00000
     9     3.191  0.00000
    10    11.468  0.00000
    11    12.945  0.00000
    12    18.746  0.00000
    13    26.883  0.00000
    14    40.941  0.00000
    15    47.022  0.00000
    16    57.939  0.00000
    17    83.847  0.00000
    18   115.189  0.00000

 KPT           61  SPIN            1  KWEIGHT    6.0975609756097563E-003
     1   -15.371  2.00000
     2    -8.543  2.00000
     3    -6.640  2.00000
     4    -5.025  2.00000
     5    -1.059  0.00000
     6    -0.278  0.00000
     7     0.325  0.00000
     8     2.908  0.00000
     9     3.176  0.00000
    10    10.017  0.00000
    11    14.079  0.00000
    12    18.497  0.00000
    13    26.537  0.00000
    14    41.893  0.00000
    15    49.283  0.00000
    16    60.638  0.00000
    17    86.566  0.00000
    18   116.082  0.00000

 KPT           62  SPIN            1  KWEIGHT    6.0975609756097563E-003
     1   -15.524  2.00000
     2    -8.198  2.00000
     3    -6.408  2.00000
     4    -4.903  2.00000
     5    -1.052  0.00000
     6    -0.479  0.00000
     7     0.092  0.00000
     8     2.954  0.00000
     9     3.183  0.00000
    10     8.681  0.00000
    11    15.104  0.00000
    12    18.325  0.00000
    13    25.996  0.00000
    14    43.305  0.00000
    15    51.547  0.00000
    16    63.558  0.00000
    17    89.203  0.00000
    18   116.464  0.00000

 KPT           63  SPIN            1  KWEIGHT    6.0975609756097563E-003
     1   -15.664  2.00000
     2    -7.839  2.00000
     3    -6.167  2.00000
     4    -4.790  2.00000
     5    -1.062  0.00000
     6    -0.662  0.00000
     7    -0.127  0.00000
     8     3.039  0.00000
     9     3.194  0.00000
    10     7.468  0.00000
    11    15.988  0.00000
    12    18.217  0.00000
    13    25.296  0.00000
    14    45.207  0.00000
    15    53.813  0.00000
    16    66.739  0.00000
    17    91.719  0.00000
    18   116.345  0.00000

 KPT           64  SPIN            1  KWEIGHT    6.0975609756097563E-003
     1   -15.787  2.00000
     2    -7.465  2.00000
     3    -5.920  2.00000
     4    -4.687  2.00000
     5    -1.085  0.00000
     6    -0.827  0.00000
     7    -0.333  0.00000
     8     3.162  0.00000
     9     3.171  0.00000
    10     6.400  0.00000
    11    16.715  0.00000
    12    18.163  0.00000
    13    24.475  0.00000
    14    47.598  0.00000
    15    56.076  0.00000
    16    70.228  0.00000
    17    94.078  0.00000
    18   115.764  0.00000

 KPT           65  SPIN            1  KWEIGHT    6.0975609756097563E-003
     1   -15.895  2.00000
     2    -7.077  2.00000
     3    -5.670  2.00000
     4    -4.594  2.00000
     5    -1.117  0.00000
     6    -0.974  0.00000
     7    -0.528  0.00000
     8     3.049  0.00000
     9     3.318  0.00000
    10     5.531  0.00000
    11    17.284  0.00000
    12    18.153  0.00000
    13    23.578  0.00000
    14    50.432  0.00000
    15    58.326  0.00000
    16    74.068  0.00000
    17    96.249  0.00000
    18   114.780  0.00000

 KPT           66  SPIN            1  KWEIGHT    6.0975609756097563E-003
     1   -15.987  2.00000
     2    -6.675  2.00000
     3    -5.420  2.00000
     4    -4.513  2.00000
     5    -1.155  0.00000
     6    -1.104  0.00000
     7    -0.713  0.00000
     8     2.730  0.00000
     9     3.504  0.00000
    10     4.948  0.00000
    11    17.709  0.00000
    12    18.178  0.00000
    13    22.649  0.00000
    14    53.619  0.00000
    15    60.546  0.00000
    16    78.285  0.00000
    17    98.205  0.00000
    18   113.473  0.00000

 KPT           67  SPIN            1  KWEIGHT    6.0975609756097563E-003
     1   -16.063  2.00000
     2    -6.261  2.00000
     3    -5.175  2.00000
     4    -4.444  2.00000
     5    -1.216  0.00000
     6    -1.197  0.00000
     7    -0.887  0.00000
     8     2.188  0.00000
     9     3.710  0.00000
    10     4.666  0.00000
    11    18.014  0.00000
    12    18.227  0.00000
    13    21.729  0.00000
    14    57.021  0.00000
    15    62.706  0.00000
    16    82.863  0.00000
    17    99.926  0.00000
    18   111.936  0.00000

 KPT           68  SPIN            1  KWEIGHT    6.0975609756097563E-003
     1   -16.125  2.00000
     2    -5.839  2.00000
     3    -4.941  2.00000
     4    -4.387  2.00000
     5    -1.311  0.00000
     6    -1.240  0.00000
     7    -1.050  0.00000
     8     1.531  0.00000
     9     3.927  0.00000
    10     4.573  0.00000
    11    18.222  0.00000
    12    18.290  0.00000
    13    20.860  0.00000
    14    60.461  0.00000
    15    64.763  0.00000
    16    87.714  0.00000
    17   101.397  0.00000
    18   110.280  0.00000

 KPT           69  SPIN            1  KWEIGHT    6.0975609756097563E-003
     1   -16.173  2.00000
     2    -5.416  2.00000
     3    -4.726  2.00000
     4    -4.341  2.00000
     5    -1.388  0.00000
     6    -1.287  0.00000
     7    -1.200  0.00000
     8     0.868  0.00000
     9     4.141  0.00000
    10     4.563  0.00000
    11    18.358  0.00000
    12    18.358  0.00000
    13    20.081  0.00000
    14    63.724  0.00000
    15    66.656  0.00000
    16    92.639  0.00000
    17   102.608  0.00000
    18   108.624  0.00000

 KPT           70  SPIN            1  KWEIGHT    6.0975609756097563E-003
     1   -16.209  2.00000
     2    -5.006  2.00000
     3    -4.538  2.00000
     4    -4.306  2.00000
     5    -1.448  0.00000
     6    -1.340  0.00000
     7    -1.330  0.00000
     8     0.268  0.00000
     9     4.335  0.00000
    10     4.581  0.00000
    11    18.422  0.00000
    12    18.441  0.00000
    13    19.427  0.00000
    14    66.584  0.00000
    15    68.303  0.00000
    16    97.293  0.00000
    17   103.553  0.00000
    18   107.106  0.00000

 KPT           71  SPIN            1  KWEIGHT    6.0975609756097563E-003
     1   -16.233  2.00000
     2    -4.639  2.00000
     3    -4.390  2.00000
     4    -4.281  2.00000
     5    -1.491  0.00000
     6    -1.434  0.00000
     7    -1.407  0.00000
     8    -0.215  0.00000
     9     4.491  0.00000
    10     4.605  0.00000
    11    18.473  0.00000
    12    18.488  0.00000
    13    18.933  0.00000
    14    68.817  0.00000
    15    69.600  0.00000
    16   101.202  0.00000
    17   104.228  0.00000
    18   105.869  0.00000

 KPT           72  SPIN            1  KWEIGHT    6.0975609756097563E-003
     1   -16.247  2.00000
     2    -4.366  2.00000
     3    -4.295  2.00000
     4    -4.266  2.00000
     5    -1.517  0.00000
     6    -1.502  0.00000
     7    -1.485  0.00000
     8    -0.522  0.00000
     9     4.593  0.00000
    10     4.623  0.00000
    11    18.507  0.00000
    12    18.512  0.00000
    13    18.624  0.00000
    14    70.240  0.00000
    15    70.438  0.00000
    16   103.836  0.00000
    17   104.634  0.00000
    18   105.054  0.00000

 KPT           73  SPIN            1  KWEIGHT    6.0975609756097563E-003
     1   -16.252  2.00000
     2    -4.261  2.00000
     3    -4.261  2.00000
     4    -4.261  2.00000
     5    -1.525  0.00000
     6    -1.525  0.00000
     7    -1.525  0.00000
     8    -0.624  0.00000
     9     4.629  0.00000
    10     4.629  0.00000
    11    18.519  0.00000
    12    18.519  0.00000
    13    18.519  0.00000
    14    70.729  0.00000
    15    70.729  0.00000
    16   104.769  0.00000
    17   104.769  0.00000
    18   104.769  0.00000

 KPT           74  SPIN            1  KWEIGHT    6.0975609756097563E-003
     1   -16.252  2.00000
     2    -4.261  2.00000
     3    -4.261  2.00000
     4    -4.261  2.00000
     5    -1.525  0.00000
     6    -1.525  0.00000
     7    -1.525  0.00000
     8    -0.624  0.00000
     9     4.629  0.00000
    10     4.629  0.00000
    11    18.519  0.00000
    12    18.519  0.00000
    13    18.519  0.00000
    14    70.729  0.00000
    15    70.729  0.00000
    16   104.769  0.00000
    17   104.769  0.00000
    18   104.769  0.00000

 KPT           75  SPIN            1  KWEIGHT    6.0975609756097563E-003
     1   -16.247  2.00000
     2    -4.379  2.00000
     3    -4.276  2.00000
     4    -4.276  2.00000
     5    -1.504  0.00000
     6    -1.504  0.00000
     7    -1.495  0.00000
     8    -0.517  0.00000
     9     4.607  0.00000
    10     4.607  0.00000
    11    18.467  0.00000
    12    18.589  0.00000
    13    18.589  0.00000
    14    70.324  0.00000
    15    70.324  0.00000
    16   103.652  0.00000
    17   104.920  0.00000
    18   104.920  0.00000

 KPT           76  SPIN            1  KWEIGHT    6.0975609756097563E-003
     1   -16.232  2.00000
     2    -4.685  2.00000
     3    -4.319  2.00000
     4    -4.319  2.00000
     5    -1.461  0.00000
     6    -1.440  0.00000
     7    -1.440  0.00000
     8    -0.187  0.00000
     9     4.545  0.00000
    10     4.545  0.00000
    11    18.316  0.00000
    12    18.795  0.00000
    13    18.795  0.00000
    14    69.157  0.00000
    15    69.157  0.00000
    16   100.501  0.00000
    17   105.339  0.00000
    18   105.339  0.00000

 KPT           77  SPIN            1  KWEIGHT    6.0975609756097563E-003
     1   -16.207  2.00000
     2    -5.092  2.00000
     3    -4.386  2.00000
     4    -4.386  2.00000
     5    -1.475  0.00000
     6    -1.341  0.00000
     7    -1.341  0.00000
     8     0.336  0.00000
     9     4.450  0.00000
    10     4.450  0.00000
    11    18.070  0.00000
    12    19.121  0.00000
    13    19.121  0.00000
    14    67.359  0.00000
    15    67.359  0.00000
    16    95.827  0.00000
    17   105.943  0.00000
    18   105.943  0.00000

 KPT           78  SPIN            1  KWEIGHT    6.0975609756097563E-003
     1   -16.170  2.00000
     2    -5.545  2.00000
     3    -4.471  2.00000
     4    -4.471  2.00000
     5    -1.531  0.00000
     6    -1.214  0.00000
     7    -1.214  0.00000
     8     0.991  0.00000
     9     4.335  0.00000
    10     4.335  0.00000
    11    17.740  0.00000
    12    19.539  0.00000
    13    19.539  0.00000
    14    65.107  0.00000
    15    65.107  0.00000
    16    90.254  0.00000
    17   106.630  0.00000
    18   106.631  0.00000

 KPT           79  SPIN            1  KWEIGHT    6.0975609756097563E-003
     1   -16.119  2.00000
     2    -6.011  2.00000
     3    -4.567  2.00000
     4    -4.567  2.00000
     5    -1.616  0.00000
     6    -1.068  0.00000
     7    -1.068  0.00000
     8     1.738  0.00000
     9     4.215  0.00000
    10     4.215  0.00000
    11    17.340  0.00000
    12    20.012  0.00000
    13    20.012  0.00000
    14    62.590  0.00000
    15    62.590  0.00000
    16    84.340  0.00000
    17   107.307  0.00000
    18   107.307  0.00000

 KPT           80  SPIN            1  KWEIGHT    6.0975609756097563E-003
     1   -16.055  2.00000
     2    -6.477  2.00000
     3    -4.671  2.00000
     4    -4.671  2.00000
     5    -1.721  0.00000
     6    -0.913  0.00000
     7    -0.913  0.00000
     8     2.557  0.00000
     9     4.107  0.00000
    10     4.107  0.00000
    11    16.888  0.00000
    12    20.491  0.00000
    13    20.491  0.00000
    14    59.997  0.00000
    15    59.997  0.00000
    16    78.477  0.00000
    17   107.899  0.00000
    18   107.899  0.00000

 KPT           81  SPIN            1  KWEIGHT    6.0975609756097563E-003
     1   -15.975  2.00000
     2    -6.935  2.00000
     3    -4.777  2.00000
     4    -4.777  2.00000
     5    -1.837  0.00000
     6    -0.759  0.00000
     7    -0.759  0.00000
     8     3.436  0.00000
     9     4.027  0.00000
    10     4.027  0.00000
    11    16.405  0.00000
    12    20.917  0.00000
    13    20.917  0.00000
    14    57.505  0.00000
    15    57.505  0.00000
    16    72.892  0.00000
    17   108.351  0.00000
    18   108.351  0.00000

 KPT           82  SPIN            1  KWEIGHT    6.0975609756097563E-003
     1   -15.879  2.00000
     2    -7.381  2.00000
     3    -4.882  2.00000
     4    -4.882  2.00000
     5    -1.959  0.00000
     6    -0.615  0.00000
     7    -0.615  0.00000
     8     3.990  0.00000
     9     3.990  0.00000
    10     4.367  0.00000
    11    15.914  0.00000
    12    21.216  0.00000
    13    21.216  0.00000
    14    55.283  0.00000
    15    55.283  0.00000
    16    67.682  0.00000
    17   108.627  0.00000
    18   108.627  0.00000

 KPT           83  SPIN            1  KWEIGHT    6.0975609756097563E-003
     1   -15.768  2.00000
     2    -7.813  2.00000
     3    -4.985  2.00000
     4    -4.985  2.00000
     5    -2.084  0.00000
     6    -0.491  0.00000
     7    -0.491  0.00000
     8     4.012  0.00000
     9     4.012  0.00000
    10     5.343  0.00000
    11    15.443  0.00000
    12    21.313  0.00000
    13    21.313  0.00000
    14    53.479  0.00000
    15    53.479  0.00000
    16    62.861  0.00000
    17   108.703  0.00000
    18   108.703  0.00000

 KPT           84  SPIN            1  KWEIGHT    6.0975609756097563E-003
     1   -15.641  2.00000
     2    -8.230  2.00000
     3    -5.082  2.00000
     4    -5.082  2.00000
     5    -2.206  0.00000
     6    -0.393  0.00000
     7    -0.393  0.00000
     8     4.104  0.00000
     9     4.104  0.00000
    10     6.349  0.00000
    11    15.027  0.00000
    12    21.144  0.00000
    13    21.144  0.00000
    14    52.208  0.00000
    15    52.208  0.00000
    16    58.402  0.00000
    17   108.566  0.00000
    18   108.566  0.00000

 KPT           85  SPIN            1  KWEIGHT    6.0975609756097563E-003
     1   -15.499  2.00000
     2    -8.631  2.00000
     3    -5.173  2.00000
     4    -5.173  2.00000
     5    -2.324  0.00000
     6    -0.324  0.00000
     7    -0.324  0.00000
     8     4.273  0.00000
     9     4.273  0.00000
    10     7.358  0.00000
    11    14.708  0.00000
    12    20.673  0.00000
    13    20.673  0.00000
    14    51.531  0.00000
    15    51.531  0.00000
    16    54.263  0.00000
    17   108.215  0.00000
    18   108.215  0.00000

 KPT           86  SPIN            1  KWEIGHT    6.0975609756097563E-003
     1   -15.345  2.00000
     2    -9.013  2.00000
     3    -5.256  2.00000
     4    -5.256  2.00000
     5    -2.434  0.00000
     6    -0.285  0.00000
     7    -0.285  0.00000
     8     4.523  0.00000
     9     4.523  0.00000
    10     8.320  0.00000
    11    14.555  0.00000
    12    19.915  0.00000
    13    19.915  0.00000
    14    50.404  0.00000
    15    51.443  0.00000
    16    51.443  0.00000
    17   107.660  0.00000
    18   107.660  0.00000

 KPT           87  SPIN            1  KWEIGHT    6.0975609756097563E-003
     1   -15.181  2.00000
     2    -9.376  2.00000
     3    -5.331  2.00000
     4    -5.331  2.00000
     5    -2.534  0.00000
     6    -0.270  0.00000
     7    -0.270  0.00000
     8     4.851  0.00000
     9     4.851  0.00000
    10     9.148  0.00000
    11    14.664  0.00000
    12    18.926  0.00000
    13    18.926  0.00000
    14    46.789  0.00000
    15    51.869  0.00000
    16    51.869  0.00000
    17   106.923  0.00000
    18   106.923  0.00000

 KPT           88  SPIN            1  KWEIGHT    6.0975609756097563E-003
     1   -15.011  2.00000
     2    -9.716  2.00000
     3    -5.397  2.00000
     4    -5.397  2.00000
     5    -2.624  0.00000
     6    -0.274  0.00000
     7    -0.274  0.00000
     8     5.252  0.00000
     9     5.252  0.00000
    10     9.742  0.00000
    11    15.146  0.00000
    12    17.786  0.00000
    13    17.786  0.00000
    14    43.396  0.00000
    15    52.693  0.00000
    16    52.693  0.00000
    17   106.040  0.00000
    18   106.040  0.00000

 KPT           89  SPIN            1  KWEIGHT    6.0975609756097563E-003
     1   -14.841  2.00000
     2   -10.028  2.00000
     3    -5.453  2.00000
     4    -5.453  2.00000
     5    -2.702  0.00000
     6    -0.289  0.00000
     7    -0.289  0.00000
     8     5.719  0.00000
     9     5.719  0.00000
    10    10.069  0.00000
    11    16.036  0.00000
    12    16.580  0.00000
    13    16.580  0.00000
    14    40.216  0.00000
    15    53.772  0.00000
    16    53.772  0.00000
    17   105.066  0.00000
    18   105.066  0.00000

 KPT           90  SPIN            1  KWEIGHT    6.0975609756097563E-003
     1   -14.677  2.00000
     2   -10.306  2.00000
     3    -5.499  2.00000
     4    -5.499  2.00000
     5    -2.766  0.00000
     6    -0.309  0.00000
     7    -0.309  0.00000
     8     6.239  0.00000
     9     6.239  0.00000
    10    10.195  0.00000
    11    15.382  0.00000
    12    15.382  0.00000
    13    17.261  0.00000
    14    37.254  0.00000
    15    54.957  0.00000
    16    54.957  0.00000
    17   104.070  0.00000
    18   104.070  0.00000

 KPT           91  SPIN            1  KWEIGHT    6.0975609756097563E-003
     1   -14.529  2.00000
     2   -10.542  2.00000
     3    -5.536  2.00000
     4    -5.536  2.00000
     5    -2.817  0.00000
     6    -0.330  0.00000
     7    -0.330  0.00000
     8     6.790  0.00000
     9     6.790  0.00000
    10    10.214  0.00000
    11    14.263  0.00000
    12    14.263  0.00000
    13    18.697  0.00000
    14    34.538  0.00000
    15    56.095  0.00000
    16    56.095  0.00000
    17   103.142  0.00000
    18   103.142  0.00000

 KPT           92  SPIN            1  KWEIGHT    6.0975609756097563E-003
     1   -14.409  2.00000
     2   -10.724  2.00000
     3    -5.562  2.00000
     4    -5.562  2.00000
     5    -2.853  0.00000
     6    -0.347  0.00000
     7    -0.347  0.00000
     8     7.329  0.00000
     9     7.329  0.00000
    10    10.194  0.00000
    11    13.299  0.00000
    12    13.299  0.00000
    13    20.203  0.00000
    14    32.149  0.00000
    15    57.041  0.00000
    16    57.041  0.00000
    17   102.378  0.00000
    18   102.378  0.00000

 KPT           93  SPIN            1  KWEIGHT    6.0975609756097563E-003
     1   -14.331  2.00000
     2   -10.840  2.00000
     3    -5.577  2.00000
     4    -5.577  2.00000
     5    -2.875  0.00000
     6    -0.358  0.00000
     7    -0.358  0.00000
     8     7.764  0.00000
     9     7.764  0.00000
    10    10.170  0.00000
    11    12.601  0.00000
    12    12.601  0.00000
    13    21.522  0.00000
    14    30.310  0.00000
    15    57.669  0.00000
    16    57.669  0.00000
    17   101.872  0.00000
    18   101.872  0.00000

 KPT           94  SPIN            1  KWEIGHT    6.0975609756097563E-003
     1   -14.303  2.00000
     2   -10.880  2.00000
     3    -5.583  2.00000
     4    -5.583  2.00000
     5    -2.882  0.00000
     6    -0.362  0.00000
     7    -0.362  0.00000
     8     7.941  0.00000
     9     7.941  0.00000
    10    10.161  0.00000
    11    12.336  0.00000
    12    12.336  0.00000
    13    22.111  0.00000
    14    29.549  0.00000
    15    57.889  0.00000
    16    57.889  0.00000
    17   101.695  0.00000
    18   101.695  0.00000

 KPT           95  SPIN            1  KWEIGHT    6.0975609756097563E-003
     1   -14.303  2.00000
     2   -10.880  2.00000
     3    -5.583  2.00000
     4    -5.583  2.00000
     5    -2.882  0.00000
     6    -0.362  0.00000
     7    -0.362  0.00000
     8     7.941  0.00000
     9     7.941  0.00000
    10    10.161  0.00000
    11    12.336  0.00000
    12    12.336  0.00000
    13    22.111  0.00000
    14    29.549  0.00000
    15    57.889  0.00000
    16    57.889  0.00000
    17   101.695  0.00000
    18   101.695  0.00000

 KPT           96  SPIN            1  KWEIGHT    6.0975609756097563E-003
     1   -14.296  2.00000
     2   -10.880  2.00000
     3    -5.644  2.00000
     4    -5.594  2.00000
     5    -2.813  0.00000
     6    -0.367  0.00000
     7    -0.335  0.00000
     8     7.841  0.00000
     9     7.898  0.00000
    10    10.014  0.00000
    11    12.402  0.00000
    12    12.597  0.00000
    13    22.192  0.00000
    14    29.634  0.00000
    15    57.507  0.00000
    16    57.756  0.00000
    17   101.214  0.00000
    18   101.593  0.00000

 KPT           97  SPIN            1  KWEIGHT    6.0975609756097563E-003
     1   -14.274  2.00000
     2   -10.881  2.00000
     3    -5.811  2.00000
     4    -5.626  2.00000
     5    -2.627  0.00000
     6    -0.377  0.00000
     7    -0.254  0.00000
     8     7.546  0.00000
     9     7.776  0.00000
    10     9.730  0.00000
    11    12.592  0.00000
    12    13.223  0.00000
    13    22.435  0.00000
    14    29.885  0.00000
    15    56.386  0.00000
    16    57.365  0.00000
    17    99.803  0.00000
    18   101.290  0.00000

 KPT           98  SPIN            1  KWEIGHT    6.0975609756097563E-003
     1   -14.238  2.00000
     2   -10.883  2.00000
     3    -6.045  2.00000
     4    -5.677  2.00000
     5    -2.374  0.00000
     6    -0.377  0.00000
     7    -0.122  0.00000
     8     7.085  0.00000
     9     7.595  0.00000
    10     9.461  0.00000
    11    12.887  0.00000
    12    14.031  0.00000
    13    22.836  0.00000
    14    30.298  0.00000
    15    54.595  0.00000
    16    56.735  0.00000
    17    97.556  0.00000
    18   100.788  0.00000

 KPT           99  SPIN            1  KWEIGHT    6.0975609756097563E-003
     1   -14.188  2.00000
     2   -10.887  2.00000
     3    -6.313  2.00000
     4    -5.744  2.00000
     5    -2.111  0.00000
     6    -0.333  0.00000
     7     0.059  0.00000
     8     6.517  0.00000
     9     7.374  0.00000
    10     9.226  0.00000
    11    13.264  0.00000
    12    14.947  0.00000
    13    23.392  0.00000
    14    30.861  0.00000
    15    52.238  0.00000
    16    55.898  0.00000
    17    94.616  0.00000
    18   100.095  0.00000

 KPT          100  SPIN            1  KWEIGHT    6.0975609756097563E-003
     1   -14.123  2.00000
     2   -10.897  2.00000
     3    -6.592  2.00000
     4    -5.823  2.00000
     5    -1.901  0.00000
     6    -0.198  0.00000
     7     0.286  0.00000
     8     5.899  0.00000
     9     7.132  0.00000
    10     9.002  0.00000
    11    13.702  0.00000
    12    15.943  0.00000
    13    24.095  0.00000
    14    31.560  0.00000
    15    49.440  0.00000
    16    54.894  0.00000
    17    91.155  0.00000
    18    99.224  0.00000

 KPT          101  SPIN            1  KWEIGHT    6.0975609756097563E-003
     1   -14.043  2.00000
     2   -10.914  2.00000
     3    -6.867  2.00000
     4    -5.910  2.00000
     5    -1.790  0.00000
     6     0.068  0.00000
     7     0.555  0.00000
     8     5.265  0.00000
     9     6.883  0.00000
    10     8.768  0.00000
    11    14.186  0.00000
    12    17.005  0.00000
    13    24.939  0.00000
    14    32.375  0.00000
    15    46.334  0.00000
    16    53.773  0.00000
    17    87.362  0.00000
    18    98.195  0.00000

 KPT          102  SPIN            1  KWEIGHT    6.0975609756097563E-003
     1   -13.950  2.00000
     2   -10.942  2.00000
     3    -7.127  2.00000
     4    -6.002  2.00000
     5    -1.777  0.00000
     6     0.463  0.00000
     7     0.863  0.00000
     8     4.637  0.00000
     9     6.635  0.00000
    10     8.517  0.00000
    11    14.700  0.00000
    12    18.116  0.00000
    13    25.918  0.00000
    14    33.275  0.00000
    15    43.049  0.00000
    16    52.591  0.00000
    17    83.421  0.00000
    18    97.034  0.00000

 KPT          103  SPIN            1  KWEIGHT    6.0975609756097563E-003
     1   -13.843  2.00000
     2   -10.985  2.00000
     3    -7.363  2.00000
     4    -6.096  2.00000
     5    -1.827  0.00000
     6     0.954  0.00000
     7     1.207  0.00000
     8     4.029  0.00000
     9     6.396  0.00000
    10     8.247  0.00000
    11    15.234  0.00000
    12    19.257  0.00000
    13    27.032  0.00000
    14    34.214  0.00000
    15    39.701  0.00000
    16    51.416  0.00000
    17    79.504  0.00000
    18    95.772  0.00000

 KPT          104  SPIN            1  KWEIGHT    6.0975609756097563E-003
     1   -13.722  2.00000
     2   -11.046  2.00000
     3    -7.567  2.00000
     4    -6.188  2.00000
     5    -1.911  0.00000
     6     1.513  0.00000
     7     1.587  0.00000
     8     3.448  0.00000
     9     6.169  0.00000
    10     7.963  0.00000
    11    15.775  0.00000
    12    20.396  0.00000
    13    28.283  0.00000
    14    35.121  0.00000
    15    36.390  0.00000
    16    50.331  0.00000
    17    75.768  0.00000
    18    94.440  0.00000

 KPT          105  SPIN            1  KWEIGHT    6.0975609756097563E-003
     1   -13.590  2.00000
     2   -11.129  2.00000
     3    -7.735  2.00000
     4    -6.278  2.00000
     5    -2.009  0.00000
     6     1.999  0.00000
     7     2.104  0.00000
     8     2.917  0.00000
     9     5.959  0.00000
    10     7.669  0.00000
    11    16.313  0.00000
    12    21.500  0.00000
    13    29.666  0.00000
    14    33.196  0.00000
    15    35.898  0.00000
    16    49.442  0.00000
    17    72.352  0.00000
    18    93.071  0.00000

 KPT          106  SPIN            1  KWEIGHT    6.0975609756097563E-003
     1   -13.447  2.00000
     2   -11.235  2.00000
     3    -7.862  2.00000
     4    -6.362  2.00000
     5    -2.111  0.00000
     6     2.270  0.00000
     7     2.442  0.00000
     8     2.886  0.00000
     9     5.771  0.00000
    10     7.372  0.00000
    11    16.831  0.00000
    12    22.530  0.00000
    13    30.184  0.00000
    14    31.149  0.00000
    15    36.434  0.00000
    16    48.868  0.00000
    17    69.391  0.00000
    18    91.699  0.00000

 KPT          107  SPIN            1  KWEIGHT    6.0975609756097563E-003
     1   -13.297  2.00000
     2   -11.361  2.00000
     3    -7.947  2.00000
     4    -6.440  2.00000
     5    -2.210  0.00000
     6     1.817  0.00000
     7     2.910  0.00000
     8     3.542  0.00000
     9     5.610  0.00000
    10     7.080  0.00000
    11    17.306  0.00000
    12    23.456  0.00000
    13    27.406  0.00000
    14    32.596  0.00000
    15    36.722  0.00000
    16    48.688  0.00000
    17    67.020  0.00000
    18    90.351  0.00000

 KPT          108  SPIN            1  KWEIGHT    6.0975609756097563E-003
     1   -13.146  2.00000
     2   -11.500  2.00000
     3    -7.991  2.00000
     4    -6.510  2.00000
     5    -2.300  0.00000
     6     1.358  0.00000
     7     3.393  0.00000
     8     4.259  0.00000
     9     5.490  0.00000
    10     6.809  0.00000
    11    17.695  0.00000
    12    24.250  0.00000
    13    24.920  0.00000
    14    33.569  0.00000
    15    37.133  0.00000
    16    48.866  0.00000
    17    65.386  0.00000
    18    89.057  0.00000

 KPT          109  SPIN            1  KWEIGHT    6.0975609756097563E-003
     1   -13.005  2.00000
     2   -11.638  2.00000
     3    -7.997  2.00000
     4    -6.571  2.00000
     5    -2.379  0.00000
     6     0.926  0.00000
     7     3.860  0.00000
     8     4.966  0.00000
     9     5.443  0.00000
    10     6.596  0.00000
    11    17.890  0.00000
    12    22.837  0.00000
    13    24.877  0.00000
    14    33.519  0.00000
    15    38.244  0.00000
    16    49.263  0.00000
    17    64.627  0.00000
    18    87.839  0.00000

 KPT          110  SPIN            1  KWEIGHT    6.0975609756097563E-003
     1   -12.898  2.00000
     2   -11.748  2.00000
     3    -7.970  2.00000
     4    -6.623  2.00000
     5    -2.446  0.00000
     6     0.525  0.00000
     7     4.232  0.00000
     8     5.493  0.00000
     9     5.550  0.00000
    10     6.609  0.00000
    11    17.628  0.00000
    12    21.411  0.00000
    13    25.272  0.00000
    14    32.808  0.00000
    15    39.750  0.00000
    16    49.784  0.00000
    17    64.814  0.00000
    18    86.721  0.00000

 KPT          111  SPIN            1  KWEIGHT    6.0975609756097563E-003
     1   -12.898  2.00000
     2   -11.748  2.00000
     3    -7.970  2.00000
     4    -6.623  2.00000
     5    -2.446  0.00000
     6     0.525  0.00000
     7     4.232  0.00000
     8     5.493  0.00000
     9     5.550  0.00000
    10     6.609  0.00000
    11    17.628  0.00000
    12    21.411  0.00000
    13    25.272  0.00000
    14    32.808  0.00000
    15    39.750  0.00000
    16    49.784  0.00000
    17    64.814  0.00000
    18    86.721  0.00000

 KPT          112  SPIN            1  KWEIGHT    6.0975609756097563E-003
     1   -12.890  2.00000
     2   -11.753  2.00000
     3    -7.965  2.00000
     4    -6.652  2.00000
     5    -2.388  0.00000
     6     0.531  0.00000
     7     4.082  0.00000
     8     5.243  0.00000
     9     5.651  0.00000
    10     6.928  0.00000
    11    17.485  0.00000
    12    21.314  0.00000
    13    25.511  0.00000
    14    32.924  0.00000
    15    39.720  0.00000
    16    49.578  0.00000
    17    64.898  0.00000
    18    86.367  0.00000

 KPT          113  SPIN            1  KWEIGHT    6.0975609756097563E-003
     1   -12.868  2.00000
     2   -11.770  2.00000
     3    -7.952  2.00000
     4    -6.735  2.00000
     5    -2.219  0.00000
     6     0.549  0.00000
     7     3.754  0.00000
     8     4.698  0.00000
     9     6.004  0.00000
    10     7.504  0.00000
    11    17.108  0.00000
    12    21.033  0.00000
    13    26.178  0.00000
    14    33.256  0.00000
    15    39.630  0.00000
    16    48.973  0.00000
    17    65.147  0.00000
    18    85.336  0.00000

 KPT          114  SPIN            1  KWEIGHT    6.0975609756097563E-003
     1   -12.830  2.00000
     2   -11.799  2.00000
     3    -7.930  2.00000
     4    -6.856  2.00000
     5    -1.952  0.00000
     6     0.578  0.00000
     7     3.371  0.00000
     8     4.124  0.00000
     9     6.428  0.00000
    10     8.111  0.00000
    11    16.617  0.00000
    12    20.600  0.00000
    13    27.175  0.00000
    14    33.766  0.00000
    15    39.482  0.00000
    16    47.998  0.00000
    17    65.559  0.00000
    18    83.724  0.00000

 KPT          115  SPIN            1  KWEIGHT    6.0975609756097563E-003
     1   -12.777  2.00000
     2   -11.841  2.00000
     3    -7.900  2.00000
     4    -6.999  2.00000
     5    -1.601  0.00000
     6     0.618  0.00000
     7     2.976  0.00000
     8     3.560  0.00000
     9     6.878  0.00000
    10     8.679  0.00000
    11    16.130  0.00000
    12    20.051  0.00000
    13    28.417  0.00000
    14    34.401  0.00000
    15    39.280  0.00000
    16    46.703  0.00000
    17    66.129  0.00000
    18    81.674  0.00000

 KPT          116  SPIN            1  KWEIGHT    6.0975609756097563E-003
     1   -12.709  2.00000
     2   -11.897  2.00000
     3    -7.861  2.00000
     4    -7.151  2.00000
     5    -1.181  0.00000
     6     0.668  0.00000
     7     2.586  0.00000
     8     3.017  0.00000
     9     7.337  0.00000
    10     9.146  0.00000
    11    15.751  0.00000
    12    19.423  0.00000
    13    29.853  0.00000
    14    35.103  0.00000
    15    39.030  0.00000
    16    45.145  0.00000
    17    66.851  0.00000
    18    79.359  0.00000

 KPT          117  SPIN            1  KWEIGHT    6.0975609756097563E-003
     1   -12.627  2.00000
     2   -11.970  2.00000
     3    -7.814  2.00000
     4    -7.297  2.00000
     5    -0.703  0.00000
     6     0.725  0.00000
     7     2.210  0.00000
     8     2.500  0.00000
     9     7.795  0.00000
    10     9.443  0.00000
    11    15.578  0.00000
    12    18.744  0.00000
    13    31.453  0.00000
    14    35.813  0.00000
    15    38.739  0.00000
    16    43.387  0.00000
    17    67.719  0.00000
    18    76.970  0.00000

 KPT          118  SPIN            1  KWEIGHT    6.0975609756097563E-003
     1   -12.529  2.00000
     2   -12.059  2.00000
     3    -7.759  2.00000
     4    -7.428  2.00000
     5    -0.177  0.00000
     6     0.784  0.00000
     7     1.857  0.00000
     8     2.014  0.00000
     9     8.243  0.00000
    10     9.519  0.00000
    11    15.676  0.00000
    12    18.038  0.00000
    13    33.199  0.00000
    14    36.462  0.00000
    15    38.423  0.00000
    16    41.497  0.00000
    17    68.725  0.00000
    18    74.692  0.00000

 KPT          119  SPIN            1  KWEIGHT    6.0975609756097563E-003
     1   -12.417  2.00000
     2   -12.166  2.00000
     3    -7.696  2.00000
     4    -7.540  2.00000
     5     0.379  0.00000
     6     0.829  0.00000
     7     1.547  0.00000
     8     1.571  0.00000
     9     8.670  0.00000
    10     9.374  0.00000
    11    16.047  0.00000
    12    17.329  0.00000
    13    35.053  0.00000
    14    36.947  0.00000
    15    38.124  0.00000
    16    39.571  0.00000
    17    69.863  0.00000
    18    72.696  0.00000

 KPT          120  SPIN            1  KWEIGHT    6.0975609756097563E-003
     1   -12.291  2.00000
     2   -12.291  2.00000
     3    -7.626  2.00000
     4    -7.626  2.00000
     5     0.801  0.00000
     6     0.801  0.00000
     7     1.336  0.00000
     8     1.336  0.00000
     9     9.064  0.00000
    10     9.064  0.00000
    11    16.637  0.00000
    12    16.637  0.00000
    13    36.731  0.00000
    14    36.731  0.00000
    15    38.135  0.00000
    16    38.135  0.00000
    17    71.125  0.00000
    18    71.125  0.00000

 KPT          121  SPIN            1  KWEIGHT    6.0975609756097563E-003
     1   -12.291  2.00000
     2   -12.291  2.00000
     3    -7.626  2.00000
     4    -7.626  2.00000
     5     0.801  0.00000
     6     0.801  0.00000
     7     1.336  0.00000
     8     1.336  0.00000
     9     9.064  0.00000
    10     9.064  0.00000
    11    16.637  0.00000
    12    16.637  0.00000
    13    36.731  0.00000
    14    36.731  0.00000
    15    38.135  0.00000
    16    38.135  0.00000
    17    71.125  0.00000
    18    71.125  0.00000

 KPT          122  SPIN            1  KWEIGHT    6.0975609756097563E-003
     1   -12.491  2.00000
     2   -12.092  2.00000
     3    -7.725  2.00000
     4    -7.507  2.00000
     5     0.609  0.00000
     6     0.794  0.00000
     7     1.321  0.00000
     8     1.599  0.00000
     9     8.427  0.00000
    10     9.533  0.00000
    11    15.780  0.00000
    12    17.810  0.00000
    13    35.014  0.00000
    14    37.109  0.00000
    15    38.416  0.00000
    16    38.953  0.00000
    17    69.393  0.00000
    18    73.307  0.00000

 KPT          123  SPIN            1  KWEIGHT    6.0975609756097563E-003
     1   -12.688  2.00000
     2   -11.897  2.00000
     3    -7.801  2.00000
     4    -7.372  2.00000
     5     0.400  0.00000
     6     0.572  0.00000
     7     1.567  0.00000
     8     1.929  0.00000
     9     7.657  0.00000
    10     9.838  0.00000
    11    15.191  0.00000
    12    19.302  0.00000
    13    33.278  0.00000
    14    35.946  0.00000
    15    39.488  0.00000
    16    40.063  0.00000
    17    68.252  0.00000
    18    75.807  0.00000

 KPT          124  SPIN            1  KWEIGHT    6.0975609756097563E-003
     1   -12.880  2.00000
     2   -11.712  2.00000
     3    -7.848  2.00000
     4    -7.225  2.00000
     5     0.208  0.00000
     6     0.320  0.00000
     7     1.890  0.00000
     8     2.290  0.00000
     9     6.807  0.00000
    10    10.008  0.00000
    11    14.801  0.00000
    12    21.070  0.00000
    13    31.564  0.00000
    14    34.695  0.00000
    15    39.677  0.00000
    16    41.674  0.00000
    17    67.820  0.00000
    18    78.503  0.00000

 KPT          125  SPIN            1  KWEIGHT    6.0975609756097563E-003
     1   -13.065  2.00000
     2   -11.539  2.00000
     3    -7.863  2.00000
     4    -7.068  2.00000
     5     0.040  0.00000
     6     0.073  0.00000
     7     2.253  0.00000
     8     2.677  0.00000
     9     5.929  0.00000
    10    10.078  0.00000
    11    14.543  0.00000
    12    22.991  0.00000
    13    29.986  0.00000
    14    33.398  0.00000
    15    39.499  0.00000
    16    43.257  0.00000
    17    68.167  0.00000
    18    81.294  0.00000

 KPT          126  SPIN            1  KWEIGHT    6.0975609756097563E-003
     1   -13.241  2.00000
     2   -11.384  2.00000
     3    -7.841  2.00000
     4    -6.904  2.00000
     5    -0.164  0.00000
     6    -0.103  0.00000
     7     2.649  0.00000
     8     3.090  0.00000
     9     5.060  0.00000
    10    10.077  0.00000
    11    14.364  0.00000
    12    24.583  0.00000
    13    29.014  0.00000
    14    32.083  0.00000
    15    38.998  0.00000
    16    44.816  0.00000
    17    69.293  0.00000
    18    84.089  0.00000

 KPT          127  SPIN            1  KWEIGHT    6.0975609756097563E-003
     1   -13.406  2.00000
     2   -11.251  2.00000
     3    -7.778  2.00000
     4    -6.738  2.00000
     5    -0.390  0.00000
     6    -0.221  0.00000
     7     3.076  0.00000
     8     3.527  0.00000
     9     4.225  0.00000
    10    10.028  0.00000
    11    14.229  0.00000
    12    24.561  0.00000
    13    29.903  0.00000
    14    30.774  0.00000
    15    38.283  0.00000
    16    46.355  0.00000
    17    71.135  0.00000
    18    86.814  0.00000

 KPT          128  SPIN            1  KWEIGHT    6.0975609756097563E-003
     1   -13.559  2.00000
     2   -11.141  2.00000
     3    -7.673  2.00000
     4    -6.572  2.00000
     5    -0.609  0.00000
     6    -0.314  0.00000
     7     3.402  0.00000
     8     3.564  0.00000
     9     3.987  0.00000
    10     9.946  0.00000
    11    14.111  0.00000
    12    23.314  0.00000
    13    29.494  0.00000
    14    32.137  0.00000
    15    37.568  0.00000
    16    47.875  0.00000
    17    73.599  0.00000
    18    89.403  0.00000

 KPT          129  SPIN            1  KWEIGHT    6.0975609756097563E-003
     1   -13.698  2.00000
     2   -11.055  2.00000
     3    -7.526  2.00000
     4    -6.410  2.00000
     5    -0.824  0.00000
     6    -0.382  0.00000
     7     2.691  0.00000
     8     4.024  0.00000
     9     4.469  0.00000
    10     9.845  0.00000
    11    13.995  0.00000
    12    21.814  0.00000
    13    28.259  0.00000
    14    34.049  0.00000
    15    37.614  0.00000
    16    49.369  0.00000
    17    76.575  0.00000
    18    91.803  0.00000

 KPT          130  SPIN            1  KWEIGHT    6.0975609756097563E-003
     1   -13.824  2.00000
     2   -10.991  2.00000
     3    -7.340  2.00000
     4    -6.254  2.00000
     5    -1.039  0.00000
     6    -0.427  0.00000
     7     2.020  0.00000
     8     4.531  0.00000
     9     4.971  0.00000
    10     9.734  0.00000
    11    13.865  0.00000
    12    20.309  0.00000
    13    27.091  0.00000
    14    34.094  0.00000
    15    39.744  0.00000
    16    50.826  0.00000
    17    79.948  0.00000
    18    93.971  0.00000

 KPT          131  SPIN            1  KWEIGHT    6.0975609756097563E-003
     1   -13.936  2.00000
     2   -10.946  2.00000
     3    -7.119  2.00000
     4    -6.109  2.00000
     5    -1.264  0.00000
     6    -0.451  0.00000
     7     1.420  0.00000
     8     5.059  0.00000
     9     5.489  0.00000
    10     9.624  0.00000
    11    13.713  0.00000
    12    18.869  0.00000
    13    26.007  0.00000
    14    33.321  0.00000
    15    42.827  0.00000
    16    52.227  0.00000
    17    83.586  0.00000
    18    95.879  0.00000

 KPT          132  SPIN            1  KWEIGHT    6.0975609756097563E-003
     1   -14.033  2.00000
     2   -10.916  2.00000
     3    -6.871  2.00000
     4    -5.977  2.00000
     5    -1.506  0.00000
     6    -0.456  0.00000
     7     0.902  0.00000
     8     5.599  0.00000
     9     6.014  0.00000
    10     9.526  0.00000
    11    13.532  0.00000
    12    17.520  0.00000
    13    25.025  0.00000
    14    32.447  0.00000
    15    46.063  0.00000
    16    53.547  0.00000
    17    87.341  0.00000
    18    97.508  0.00000

 KPT          133  SPIN            1  KWEIGHT    6.0975609756097563E-003
     1   -14.116  2.00000
     2   -10.898  2.00000
     3    -6.603  2.00000
     4    -5.861  2.00000
     5    -1.772  0.00000
     6    -0.447  0.00000
     7     0.477  0.00000
     8     6.140  0.00000
     9     6.534  0.00000
    10     9.458  0.00000
    11    13.319  0.00000
    12    16.276  0.00000
    13    24.164  0.00000
    14    31.624  0.00000
    15    49.196  0.00000
    16    54.755  0.00000
    17    91.036  0.00000
    18    98.852  0.00000

 KPT          134  SPIN            1  KWEIGHT    6.0975609756097563E-003
     1   -14.183  2.00000
     2   -10.888  2.00000
     3    -6.326  2.00000
     4    -5.763  2.00000
     5    -2.060  0.00000
     6    -0.428  0.00000
     7     0.148  0.00000
     8     6.666  0.00000
     9     7.023  0.00000
    10     9.445  0.00000
    11    13.077  0.00000
    12    15.144  0.00000
    13    23.439  0.00000
    14    30.907  0.00000
    15    52.054  0.00000
    16    55.815  0.00000
    17    94.473  0.00000
    18    99.917  0.00000

 KPT          135  SPIN            1  KWEIGHT    6.0975609756097563E-003
     1   -14.236  2.00000
     2   -10.883  2.00000
     3    -6.056  2.00000
     4    -5.685  2.00000
     5    -2.353  0.00000
     6    -0.405  0.00000
     7    -0.089  0.00000
     8     7.151  0.00000
     9     7.440  0.00000
    10     9.527  0.00000
    11    12.821  0.00000
    12    14.133  0.00000
    13    22.863  0.00000
    14    30.326  0.00000
    15    54.479  0.00000
    16    56.690  0.00000
    17    97.442  0.00000
    18   100.716  0.00000

 KPT          136  SPIN            1  KWEIGHT    6.0975609756097563E-003
     1   -14.273  2.00000
     2   -10.881  2.00000
     3    -5.818  2.00000
     4    -5.628  2.00000
     5    -2.618  0.00000
     6    -0.383  0.00000
     7    -0.245  0.00000
     8     7.559  0.00000
     9     7.735  0.00000
    10     9.731  0.00000
    11    12.581  0.00000
    12    13.266  0.00000
    13    22.447  0.00000
    14    29.898  0.00000
    15    56.331  0.00000
    16    57.345  0.00000
    17    99.740  0.00000
    18   101.267  0.00000

 KPT          137  SPIN            1  KWEIGHT    6.0975609756097563E-003
     1   -14.295  2.00000
     2   -10.880  2.00000
     3    -5.646  2.00000
     4    -5.594  2.00000
     5    -2.811  0.00000
     6    -0.368  0.00000
     7    -0.334  0.00000
     8     7.840  0.00000
     9     7.894  0.00000
    10    10.010  0.00000
    11    12.403  0.00000
    12    12.608  0.00000
    13    22.195  0.00000
    14    29.637  0.00000
    15    57.493  0.00000
    16    57.751  0.00000
    17   101.196  0.00000
    18   101.589  0.00000

 KPT          138  SPIN            1  KWEIGHT    6.0975609756097563E-003
     1   -14.303  2.00000
     2   -10.880  2.00000
     3    -5.583  2.00000
     4    -5.583  2.00000
     5    -2.882  0.00000
     6    -0.362  0.00000
     7    -0.362  0.00000
     8     7.941  0.00000
     9     7.941  0.00000
    10    10.161  0.00000
    11    12.336  0.00000
    12    12.336  0.00000
    13    22.111  0.00000
    14    29.549  0.00000
    15    57.889  0.00000
    16    57.889  0.00000
    17   101.695  0.00000
    18   101.695  0.00000

 KPT          139  SPIN            1  KWEIGHT    6.0975609756097563E-003
     1   -14.303  2.00000
     2   -10.880  2.00000
     3    -5.583  2.00000
     4    -5.583  2.00000
     5    -2.882  0.00000
     6    -0.362  0.00000
     7    -0.362  0.00000
     8     7.941  0.00000
     9     7.941  0.00000
    10    10.161  0.00000
    11    12.336  0.00000
    12    12.336  0.00000
    13    22.111  0.00000
    14    29.549  0.00000
    15    57.889  0.00000
    16    57.889  0.00000
    17   101.695  0.00000
    18   101.695  0.00000

 KPT          140  SPIN            1  KWEIGHT    6.0975609756097563E-003
     1   -14.296  2.00000
     2   -10.880  2.00000
     3    -5.644  2.00000
     4    -5.594  2.00000
     5    -2.813  0.00000
     6    -0.367  0.00000
     7    -0.335  0.00000
     8     7.841  0.00000
     9     7.898  0.00000
    10    10.014  0.00000
    11    12.402  0.00000
    12    12.597  0.00000
    13    22.192  0.00000
    14    29.634  0.00000
    15    57.507  0.00000
    16    57.756  0.00000
    17   101.214  0.00000
    18   101.593  0.00000

 KPT          141  SPIN            1  KWEIGHT    6.0975609756097563E-003
     1   -14.274  2.00000
     2   -10.881  2.00000
     3    -5.811  2.00000
     4    -5.626  2.00000
     5    -2.627  0.00000
     6    -0.377  0.00000
     7    -0.254  0.00000
     8     7.546  0.00000
     9     7.776  0.00000
    10     9.730  0.00000
    11    12.592  0.00000
    12    13.223  0.00000
    13    22.435  0.00000
    14    29.885  0.00000
    15    56.386  0.00000
    16    57.365  0.00000
    17    99.803  0.00000
    18   101.290  0.00000

 KPT          142  SPIN            1  KWEIGHT    6.0975609756097563E-003
     1   -14.238  2.00000
     2   -10.883  2.00000
     3    -6.045  2.00000
     4    -5.677  2.00000
     5    -2.374  0.00000
     6    -0.377  0.00000
     7    -0.122  0.00000
     8     7.085  0.00000
     9     7.595  0.00000
    10     9.461  0.00000
    11    12.887  0.00000
    12    14.031  0.00000
    13    22.836  0.00000
    14    30.298  0.00000
    15    54.595  0.00000
    16    56.735  0.00000
    17    97.556  0.00000
    18   100.788  0.00000

 KPT          143  SPIN            1  KWEIGHT    6.0975609756097563E-003
     1   -14.188  2.00000
     2   -10.887  2.00000
     3    -6.313  2.00000
     4    -5.744  2.00000
     5    -2.111  0.00000
     6    -0.333  0.00000
     7     0.059  0.00000
     8     6.517  0.00000
     9     7.374  0.00000
    10     9.226  0.00000
    11    13.264  0.00000
    12    14.947  0.00000
    13    23.392  0.00000
    14    30.861  0.00000
    15    52.238  0.00000
    16    55.898  0.00000
    17    94.616  0.00000
    18   100.095  0.00000

 KPT          144  SPIN            1  KWEIGHT    6.0975609756097563E-003
     1   -14.123  2.00000
     2   -10.897  2.00000
     3    -6.592  2.00000
     4    -5.823  2.00000
     5    -1.901  0.00000
     6    -0.198  0.00000
     7     0.286  0.00000
     8     5.899  0.00000
     9     7.132  0.00000
    10     9.002  0.00000
    11    13.702  0.00000
    12    15.943  0.00000
    13    24.095  0.00000
    14    31.560  0.00000
    15    49.440  0.00000
    16    54.894  0.00000
    17    91.155  0.00000
    18    99.224  0.00000

 KPT          145  SPIN            1  KWEIGHT    6.0975609756097563E-003
     1   -14.043  2.00000
     2   -10.914  2.00000
     3    -6.867  2.00000
     4    -5.910  2.00000
     5    -1.790  0.00000
     6     0.068  0.00000
     7     0.555  0.00000
     8     5.265  0.00000
     9     6.883  0.00000
    10     8.768  0.00000
    11    14.186  0.00000
    12    17.005  0.00000
    13    24.939  0.00000
    14    32.375  0.00000
    15    46.334  0.00000
    16    53.773  0.00000
    17    87.362  0.00000
    18    98.195  0.00000

 KPT          146  SPIN            1  KWEIGHT    6.0975609756097563E-003
     1   -13.950  2.00000
     2   -10.942  2.00000
     3    -7.127  2.00000
     4    -6.002  2.00000
     5    -1.777  0.00000
     6     0.463  0.00000
     7     0.863  0.00000
     8     4.637  0.00000
     9     6.635  0.00000
    10     8.517  0.00000
    11    14.700  0.00000
    12    18.116  0.00000
    13    25.918  0.00000
    14    33.275  0.00000
    15    43.049  0.00000
    16    52.591  0.00000
    17    83.421  0.00000
    18    97.034  0.00000

 KPT          147  SPIN            1  KWEIGHT    6.0975609756097563E-003
     1   -13.843  2.00000
     2   -10.985  2.00000
     3    -7.363  2.00000
     4    -6.096  2.00000
     5    -1.827  0.00000
     6     0.954  0.00000
     7     1.207  0.00000
     8     4.029  0.00000
     9     6.396  0.00000
    10     8.247  0.00000
    11    15.234  0.00000
    12    19.257  0.00000
    13    27.032  0.00000
    14    34.214  0.00000
    15    39.701  0.00000
    16    51.416  0.00000
    17    79.504  0.00000
    18    95.772  0.00000

 KPT          148  SPIN            1  KWEIGHT    6.0975609756097563E-003
     1   -13.722  2.00000
     2   -11.046  2.00000
     3    -7.567  2.00000
     4    -6.188  2.00000
     5    -1.911  0.00000
     6     1.513  0.00000
     7     1.587  0.00000
     8     3.448  0.00000
     9     6.169  0.00000
    10     7.963  0.00000
    11    15.775  0.00000
    12    20.396  0.00000
    13    28.283  0.00000
    14    35.121  0.00000
    15    36.390  0.00000
    16    50.331  0.00000
    17    75.768  0.00000
    18    94.440  0.00000

 KPT          149  SPIN            1  KWEIGHT    6.0975609756097563E-003
     1   -13.590  2.00000
     2   -11.129  2.00000
     3    -7.735  2.00000
     4    -6.278  2.00000
     5    -2.009  0.00000
     6     1.999  0.00000
     7     2.104  0.00000
     8     2.917  0.00000
     9     5.959  0.00000
    10     7.669  0.00000
    11    16.313  0.00000
    12    21.500  0.00000
    13    29.666  0.00000
    14    33.196  0.00000
    15    35.898  0.00000
    16    49.442  0.00000
    17    72.352  0.00000
    18    93.071  0.00000

 KPT          150  SPIN            1  KWEIGHT    6.0975609756097563E-003
     1   -13.447  2.00000
     2   -11.235  2.00000
     3    -7.862  2.00000
     4    -6.362  2.00000
     5    -2.111  0.00000
     6     2.270  0.00000
     7     2.442  0.00000
     8     2.886  0.00000
     9     5.771  0.00000
    10     7.372  0.00000
    11    16.831  0.00000
    12    22.530  0.00000
    13    30.184  0.00000
    14    31.149  0.00000
    15    36.434  0.00000
    16    48.868  0.00000
    17    69.391  0.00000
    18    91.699  0.00000

 KPT          151  SPIN            1  KWEIGHT    6.0975609756097563E-003
     1   -13.297  2.00000
     2   -11.361  2.00000
     3    -7.947  2.00000
     4    -6.440  2.00000
     5    -2.210  0.00000
     6     1.817  0.00000
     7     2.910  0.00000
     8     3.542  0.00000
     9     5.610  0.00000
    10     7.080  0.00000
    11    17.306  0.00000
    12    23.456  0.00000
    13    27.406  0.00000
    14    32.596  0.00000
    15    36.722  0.00000
    16    48.688  0.00000
    17    67.020  0.00000
    18    90.351  0.00000

 KPT          152  SPIN            1  KWEIGHT    6.0975609756097563E-003
     1   -13.146  2.00000
     2   -11.500  2.00000
     3    -7.991  2.00000
     4    -6.510  2.00000
     5    -2.300  0.00000
     6     1.358  0.00000
     7     3.393  0.00000
     8     4.259  0.00000
     9     5.490  0.00000
    10     6.809  0.00000
    11    17.695  0.00000
    12    24.250  0.00000
    13    24.920  0.00000
    14    33.569  0.00000
    15    37.133  0.00000
    16    48.866  0.00000
    17    65.386  0.00000
    18    89.057  0.00000

 KPT          153  SPIN            1  KWEIGHT    6.0975609756097563E-003
     1   -13.005  2.00000
     2   -11.638  2.00000
     3    -7.997  2.00000
     4    -6.571  2.00000
     5    -2.379  0.00000
     6     0.926  0.00000
     7     3.860  0.00000
     8     4.966  0.00000
     9     5.443  0.00000
    10     6.596  0.00000
    11    17.890  0.00000
    12    22.837  0.00000
    13    24.877  0.00000
    14    33.519  0.00000
    15    38.244  0.00000
    16    49.263  0.00000
    17    64.627  0.00000
    18    87.840  0.00000

 KPT          154  SPIN            1  KWEIGHT    6.0975609756097563E-003
     1   -12.898  2.00000
     2   -11.748  2.00000
     3    -7.970  2.00000
     4    -6.623  2.00000
     5    -2.446  0.00000
     6     0.525  0.00000
     7     4.232  0.00000
     8     5.493  0.00000
     9     5.550  0.00000
    10     6.609  0.00000
    11    17.628  0.00000
    12    21.411  0.00000
    13    25.272  0.00000
    14    32.808  0.00000
    15    39.750  0.00000
    16    49.784  0.00000
    17    64.814  0.00000
    18    86.721  0.00000

 KPT          155  SPIN            1  KWEIGHT    6.0975609756097563E-003
     1   -12.898  2.00000
     2   -11.748  2.00000
     3    -7.970  2.00000
     4    -6.623  2.00000
     5    -2.446  0.00000
     6     0.525  0.00000
     7     4.232  0.00000
     8     5.493  0.00000
     9     5.550  0.00000
    10     6.609  0.00000
    11    17.628  0.00000
    12    21.411  0.00000
    13    25.272  0.00000
    14    32.808  0.00000
    15    39.750  0.00000
    16    49.784  0.00000
    17    64.814  0.00000
    18    86.721  0.00000

 KPT          156  SPIN            1  KWEIGHT    6.0975609756097563E-003
     1   -12.777  2.00000
     2   -11.877  2.00000
     3    -7.886  2.00000
     4    -6.698  2.00000
     5    -2.542  0.00000
     6    -0.096  0.00000
     7     4.721  0.00000
     8     5.934  0.00000
     9     6.016  0.00000
    10     7.030  0.00000
    11    16.634  0.00000
    12    19.824  0.00000
    13    25.598  0.00000
    14    31.464  0.00000
    15    42.236  0.00000
    16    50.766  0.00000
    17    66.151  0.00000
    18    85.052  0.00000

 KPT          157  SPIN            1  KWEIGHT    6.0975609756097563E-003
     1   -12.673  2.00000
     2   -11.991  2.00000
     3    -7.777  2.00000
     4    -6.764  2.00000
     5    -2.629  0.00000
     6    -0.671  0.00000
     7     5.239  0.00000
     8     6.340  0.00000
     9     6.548  0.00000
    10     7.444  0.00000
    11    15.689  0.00000
    12    18.331  0.00000
    13    25.764  0.00000
    14    30.193  0.00000
    15    44.667  0.00000
    16    51.701  0.00000
    17    67.920  0.00000
    18    83.587  0.00000

 KPT          158  SPIN            1  KWEIGHT    6.0975609756097563E-003
     1   -12.586  2.00000
     2   -12.091  2.00000
     3    -7.647  2.00000
     4    -6.823  2.00000
     5    -2.704  0.00000
     6    -1.197  0.00000
     7     5.789  0.00000
     8     6.765  0.00000
     9     7.078  0.00000
    10     7.839  0.00000
    11    14.797  0.00000
    12    16.936  0.00000
    13    25.792  0.00000
    14    29.011  0.00000
    15    47.008  0.00000
    16    52.562  0.00000
    17    69.980  0.00000
    18    82.324  0.00000

 KPT          159  SPIN            1  KWEIGHT    6.0975609756097563E-003
     1   -12.515  2.00000
     2   -12.175  2.00000
     3    -7.504  2.00000
     4    -6.872  2.00000
     5    -2.769  0.00000
     6    -1.671  0.00000
     7     6.371  0.00000
     8     7.208  0.00000
     9     7.591  0.00000
    10     8.205  0.00000
    11    13.962  0.00000
    12    15.638  0.00000
    13    25.715  0.00000
    14    27.939  0.00000
    15    49.205  0.00000
    16    53.330  0.00000
    17    72.160  0.00000
    18    81.262  0.00000

 KPT          160  SPIN            1  KWEIGHT    6.0975609756097563E-003
     1   -12.460  2.00000
     2   -12.244  2.00000
     3    -7.355  2.00000
     4    -6.912  2.00000
     5    -2.823  0.00000
     6    -2.086  0.00000
     7     6.985  0.00000
     8     7.664  0.00000
     9     8.066  0.00000
    10     8.531  0.00000
    11    13.188  0.00000
    12    14.439  0.00000
    13    25.577  0.00000
    14    27.000  0.00000
    15    51.184  0.00000
    16    53.984  0.00000
    17    74.276  0.00000
    18    80.398  0.00000

 KPT          161  SPIN            1  KWEIGHT    6.0975609756097563E-003
     1   -12.418  2.00000
     2   -12.298  2.00000
     3    -7.214  2.00000
     4    -6.944  2.00000
     5    -2.865  0.00000
     6    -2.432  0.00000
     7     7.627  0.00000
     8     8.124  0.00000
     9     8.480  0.00000
    10     8.802  0.00000
    11    12.483  0.00000
    12    13.343  0.00000
    13    25.419  0.00000
    14    26.223  0.00000
    15    52.856  0.00000
    16    54.509  0.00000
    17    76.149  0.00000
    18    79.730  0.00000

 KPT          162  SPIN            1  KWEIGHT    6.0975609756097563E-003
     1   -12.390  2.00000
     2   -12.337  2.00000
     3    -7.095  2.00000
     4    -6.967  2.00000
     5    -2.895  0.00000
     6    -2.695  0.00000
     7     8.281  0.00000
     8     8.565  0.00000
     9     8.804  0.00000
    10     9.006  0.00000
    11    11.869  0.00000
    12    12.366  0.00000
    13    25.277  0.00000
    14    25.637  0.00000
    15    54.132  0.00000
    16    54.894  0.00000
    17    77.617  0.00000
    18    79.255  0.00000

 KPT          163  SPIN            1  KWEIGHT    6.0975609756097563E-003
     1   -12.373  2.00000
     2   -12.360  2.00000
     3    -7.014  2.00000
     4    -6.980  2.00000
     5    -2.913  0.00000
     6    -2.862  0.00000
     7     8.879  0.00000
     8     8.929  0.00000
     9     9.012  0.00000
    10     9.134  0.00000
    11    11.402  0.00000
    12    11.574  0.00000
    13    25.180  0.00000
    14    25.271  0.00000
    15    54.933  0.00000
    16    55.128  0.00000
    17    78.554  0.00000
    18    78.970  0.00000

 KPT          164  SPIN            1  KWEIGHT    6.0975609756097563E-003
     1   -12.368  2.00000
     2   -12.368  2.00000
     3    -6.985  2.00000
     4    -6.985  2.00000
     5    -2.919  0.00000
     6    -2.919  0.00000
     7     9.084  0.00000
     8     9.084  0.00000
     9     9.177  0.00000
    10     9.177  0.00000
    11    11.212  0.00000
    12    11.212  0.00000
    13    25.146  0.00000
    14    25.146  0.00000
    15    55.207  0.00000
    16    55.207  0.00000
    17    78.876  0.00000
    18    78.876  0.00000

